Component: ARM Compiler 5.06 update 6 (build 750) Tool: armlink [4d35ed]

==============================================================================

Section Cross References

    system_stm32f4xx.o(i.SystemCoreClockUpdate) refers to system_stm32f4xx.o(.data) for SystemCoreClock
    system_stm32f4xx.o(i.SystemInit) refers to system_stm32f4xx.o(i.SetSysClock) for SetSysClock
    stm32f4xx_adc.o(i.ADC_DeInit) refers to stm32f4xx_rcc.o(i.RCC_APB2PeriphResetCmd) for RCC_APB2PeriphResetCmd
    stm32f4xx_can.o(i.CAN_DeInit) refers to stm32f4xx_rcc.o(i.RCC_APB1PeriphResetCmd) for RCC_APB1PeriphResetCmd
    stm32f4xx_can.o(i.CAN_GetITStatus) refers to stm32f4xx_can.o(i.CheckITStatus) for CheckITStatus
    stm32f4xx_cryp.o(i.CRYP_DeInit) refers to stm32f4xx_rcc.o(i.RCC_AHB2PeriphResetCmd) for RCC_AHB2PeriphResetCmd
    stm32f4xx_cryp_aes.o(i.CRYP_AES_CBC) refers to stm32f4xx_cryp.o(i.CRYP_KeyStructInit) for CRYP_KeyStructInit
    stm32f4xx_cryp_aes.o(i.CRYP_AES_CBC) refers to stm32f4xx_cryp.o(i.CRYP_FIFOFlush) for CRYP_FIFOFlush
    stm32f4xx_cryp_aes.o(i.CRYP_AES_CBC) refers to stm32f4xx_cryp.o(i.CRYP_Init) for CRYP_Init
    stm32f4xx_cryp_aes.o(i.CRYP_AES_CBC) refers to stm32f4xx_cryp.o(i.CRYP_KeyInit) for CRYP_KeyInit
    stm32f4xx_cryp_aes.o(i.CRYP_AES_CBC) refers to stm32f4xx_cryp.o(i.CRYP_Cmd) for CRYP_Cmd
    stm32f4xx_cryp_aes.o(i.CRYP_AES_CBC) refers to stm32f4xx_cryp.o(i.CRYP_GetFlagStatus) for CRYP_GetFlagStatus
    stm32f4xx_cryp_aes.o(i.CRYP_AES_CBC) refers to stm32f4xx_cryp.o(i.CRYP_IVInit) for CRYP_IVInit
    stm32f4xx_cryp_aes.o(i.CRYP_AES_CBC) refers to stm32f4xx_cryp.o(i.CRYP_GetCmdStatus) for CRYP_GetCmdStatus
    stm32f4xx_cryp_aes.o(i.CRYP_AES_CBC) refers to stm32f4xx_cryp.o(i.CRYP_DataIn) for CRYP_DataIn
    stm32f4xx_cryp_aes.o(i.CRYP_AES_CBC) refers to stm32f4xx_cryp.o(i.CRYP_DataOut) for CRYP_DataOut
    stm32f4xx_cryp_aes.o(i.CRYP_AES_CCM) refers to stm32f4xx_cryp.o(i.CRYP_KeyStructInit) for CRYP_KeyStructInit
    stm32f4xx_cryp_aes.o(i.CRYP_AES_CCM) refers to stm32f4xx_cryp.o(i.CRYP_FIFOFlush) for CRYP_FIFOFlush
    stm32f4xx_cryp_aes.o(i.CRYP_AES_CCM) refers to stm32f4xx_cryp.o(i.CRYP_KeyInit) for CRYP_KeyInit
    stm32f4xx_cryp_aes.o(i.CRYP_AES_CCM) refers to stm32f4xx_cryp.o(i.CRYP_IVInit) for CRYP_IVInit
    stm32f4xx_cryp_aes.o(i.CRYP_AES_CCM) refers to stm32f4xx_cryp.o(i.CRYP_Init) for CRYP_Init
    stm32f4xx_cryp_aes.o(i.CRYP_AES_CCM) refers to stm32f4xx_cryp.o(i.CRYP_PhaseConfig) for CRYP_PhaseConfig
    stm32f4xx_cryp_aes.o(i.CRYP_AES_CCM) refers to stm32f4xx_cryp.o(i.CRYP_DataIn) for CRYP_DataIn
    stm32f4xx_cryp_aes.o(i.CRYP_AES_CCM) refers to stm32f4xx_cryp.o(i.CRYP_Cmd) for CRYP_Cmd
    stm32f4xx_cryp_aes.o(i.CRYP_AES_CCM) refers to stm32f4xx_cryp.o(i.CRYP_GetCmdStatus) for CRYP_GetCmdStatus
    stm32f4xx_cryp_aes.o(i.CRYP_AES_CCM) refers to stm32f4xx_cryp.o(i.CRYP_GetFlagStatus) for CRYP_GetFlagStatus
    stm32f4xx_cryp_aes.o(i.CRYP_AES_CCM) refers to stm32f4xx_cryp.o(i.CRYP_DataOut) for CRYP_DataOut
    stm32f4xx_cryp_aes.o(i.CRYP_AES_CTR) refers to stm32f4xx_cryp.o(i.CRYP_KeyStructInit) for CRYP_KeyStructInit
    stm32f4xx_cryp_aes.o(i.CRYP_AES_CTR) refers to stm32f4xx_cryp.o(i.CRYP_KeyInit) for CRYP_KeyInit
    stm32f4xx_cryp_aes.o(i.CRYP_AES_CTR) refers to stm32f4xx_cryp.o(i.CRYP_Init) for CRYP_Init
    stm32f4xx_cryp_aes.o(i.CRYP_AES_CTR) refers to stm32f4xx_cryp.o(i.CRYP_IVInit) for CRYP_IVInit
    stm32f4xx_cryp_aes.o(i.CRYP_AES_CTR) refers to stm32f4xx_cryp.o(i.CRYP_FIFOFlush) for CRYP_FIFOFlush
    stm32f4xx_cryp_aes.o(i.CRYP_AES_CTR) refers to stm32f4xx_cryp.o(i.CRYP_Cmd) for CRYP_Cmd
    stm32f4xx_cryp_aes.o(i.CRYP_AES_CTR) refers to stm32f4xx_cryp.o(i.CRYP_GetCmdStatus) for CRYP_GetCmdStatus
    stm32f4xx_cryp_aes.o(i.CRYP_AES_CTR) refers to stm32f4xx_cryp.o(i.CRYP_DataIn) for CRYP_DataIn
    stm32f4xx_cryp_aes.o(i.CRYP_AES_CTR) refers to stm32f4xx_cryp.o(i.CRYP_GetFlagStatus) for CRYP_GetFlagStatus
    stm32f4xx_cryp_aes.o(i.CRYP_AES_CTR) refers to stm32f4xx_cryp.o(i.CRYP_DataOut) for CRYP_DataOut
    stm32f4xx_cryp_aes.o(i.CRYP_AES_ECB) refers to stm32f4xx_cryp.o(i.CRYP_KeyStructInit) for CRYP_KeyStructInit
    stm32f4xx_cryp_aes.o(i.CRYP_AES_ECB) refers to stm32f4xx_cryp.o(i.CRYP_FIFOFlush) for CRYP_FIFOFlush
    stm32f4xx_cryp_aes.o(i.CRYP_AES_ECB) refers to stm32f4xx_cryp.o(i.CRYP_Init) for CRYP_Init
    stm32f4xx_cryp_aes.o(i.CRYP_AES_ECB) refers to stm32f4xx_cryp.o(i.CRYP_KeyInit) for CRYP_KeyInit
    stm32f4xx_cryp_aes.o(i.CRYP_AES_ECB) refers to stm32f4xx_cryp.o(i.CRYP_Cmd) for CRYP_Cmd
    stm32f4xx_cryp_aes.o(i.CRYP_AES_ECB) refers to stm32f4xx_cryp.o(i.CRYP_GetFlagStatus) for CRYP_GetFlagStatus
    stm32f4xx_cryp_aes.o(i.CRYP_AES_ECB) refers to stm32f4xx_cryp.o(i.CRYP_GetCmdStatus) for CRYP_GetCmdStatus
    stm32f4xx_cryp_aes.o(i.CRYP_AES_ECB) refers to stm32f4xx_cryp.o(i.CRYP_DataIn) for CRYP_DataIn
    stm32f4xx_cryp_aes.o(i.CRYP_AES_ECB) refers to stm32f4xx_cryp.o(i.CRYP_DataOut) for CRYP_DataOut
[...]
    .text                                    0x08000cde   Section        0  h1_extend.o(.text)
    .text                                    0x08000d12   Section        0  ftell.o(.text)
    .text                                    0x08000d54   Section        0  defsig_general.o(.text)
    .text                                    0x08000d86   Section        0  defsig_rtmem_outer.o(.text)
    .text                                    0x08000d94   Section        0  sys_wrch.o(.text)
    .text                                    0x08000da2   Section        2  use_no_semi.o(.text)
    .text                                    0x08000da4   Section        8  rt_errno_addr_intlibspace.o(.text)
    .text                                    0x08000da4   Section        0  indicate_semi.o(.text)
    .text                                    0x08000dac   Section        0  defsig_rtmem_inner.o(.text)
    i.BusFault_Handler                       0x08000dfc   Section        0  stm32f4xx_it.o(i.BusFault_Handler)
    i.DebugMon_Handler                       0x08000e00   Section        0  stm32f4xx_it.o(i.DebugMon_Handler)
    i.GPIO_Init                              0x08000e02   Section        0  stm32f4xx_gpio.o(i.GPIO_Init)
    i.GPIO_PinAFConfig                       0x08000e92   Section        0  stm32f4xx_gpio.o(i.GPIO_PinAFConfig)
    i.GPIO_ReadInputDataBit                  0x08000ed8   Section        0  stm32f4xx_gpio.o(i.GPIO_ReadInputDataBit)
    i.GPIO_ResetBits                         0x08000eea   Section        0  stm32f4xx_gpio.o(i.GPIO_ResetBits)
    i.GPIO_SetBits                           0x08000eee   Section        0  stm32f4xx_gpio.o(i.GPIO_SetBits)
    i.GPIO_ToggleBits                        0x08000ef2   Section        0  stm32f4xx_gpio.o(i.GPIO_ToggleBits)
    i.HardFault_Handler                      0x08000efa   Section        0  stm32f4xx_it.o(i.HardFault_Handler)
    i.KeyTask                                0x08000f00   Section        0  main.o(i.KeyTask)
    i.LedTask                                0x08000fc4   Section        0  main.o(i.LedTask)
    i.MemManage_Handler                      0x0800102c   Section        0  stm32f4xx_it.o(i.MemManage_Handler)
    i.NMI_Handler                            0x08001030   Section        0  stm32f4xx_it.o(i.NMI_Handler)
    i.NVIC_Init                              0x08001034   Section        0  misc.o(i.NVIC_Init)
    i.NVIC_PriorityGroupConfig               0x080010ac   Section        0  misc.o(i.NVIC_PriorityGroupConfig)
    i.RCC_AHB1PeriphClockCmd                 0x080010c0   Section        0  stm32f4xx_rcc.o(i.RCC_AHB1PeriphClockCmd)
    i.RCC_APB1PeriphResetCmd                 0x080010e0   Section        0  stm32f4xx_rcc.o(i.RCC_APB1PeriphResetCmd)
    i.RCC_APB2PeriphClockCmd                 0x08001100   Section        0  stm32f4xx_rcc.o(i.RCC_APB2PeriphClockCmd)
    i.RCC_APB2PeriphResetCmd                 0x08001120   Section        0  stm32f4xx_rcc.o(i.RCC_APB2PeriphResetCmd)
    i.RCC_GetClocksFreq                      0x08001140   Section        0  stm32f4xx_rcc.o(i.RCC_GetClocksFreq)
    i.SetSysClock                            0x08001228   Section        0  system_stm32f4xx.o(i.SetSysClock)
    SetSysClock                              0x08001229   Thumb Code   220  system_stm32f4xx.o(i.SetSysClock)
    i.StartTask                              0x08001314   Section        0  main.o(i.StartTask)
    i.SysTick_CLKSourceConfig                0x0800137c   Section        0  misc.o(i.SysTick_CLKSourceConfig)
    i.SysTick_Handler                        0x080013a4   Section        0  port.o(i.SysTick_Handler)
    i.SystemInit                             0x080013d8   Section        0  system_stm32f4xx.o(i.SystemInit)
    i.UART1_Init                             0x08001440   Section        0  uart1.o(i.UART1_Init)
    i.USART_Cmd                              0x08001510   Section        0  stm32f4xx_usart.o(i.USART_Cmd)
    i.USART_DeInit                           0x08001528   Section        0  stm32f4xx_usart.o(i.USART_DeInit)
    i.USART_ITConfig                         0x08001618   Section        0  stm32f4xx_usart.o(i.USART_ITConfig)
    i.USART_Init                             0x08001664   Section        0  stm32f4xx_usart.o(i.USART_Init)
    i.USART_SendData                         0x08001738   Section        0  stm32f4xx_usart.o(i.USART_SendData)
    i.UsageFault_Handler                     0x08001740   Section        0  stm32f4xx_it.o(i.UsageFault_Handler)
    i._sys_close                             0x08001744   Section        0  retarget_io.o(i._sys_close)
    i._sys_flen                              0x0800176a   Section        0  retarget_io.o(i._sys_flen)
    i._sys_istty                             0x0800178e   Section        0  retarget_io.o(i._sys_istty)
    i._sys_open                              0x080017b4   Section        0  retarget_io.o(i._sys_open)
    i._sys_seek                              0x0800181c   Section        0  retarget_io.o(i._sys_seek)
    i._sys_write                             0x08001848   Section        0  retarget_io.o(i._sys_write)
    i.delay_init                             0x080018a0   Section        0  delay.o(i.delay_init)
    i.fputc                                  0x080018dc   Section        0  uart1.o(i.fputc)
    i.key_Init                               0x08001900   Section        0  key.o(i.key_Init)
    i.led_Init                               0x0800193c   Section        0  led.o(i.led_Init)
    i.led_blue_off                           0x08001974   Section        0  led.o(i.led_blue_off)
    i.led_blue_on                            0x08001988   Section        0  led.o(i.led_blue_on)
    i.led_red_toggle                         0x0800199c   Section        0  led.o(i.led_red_toggle)
    i.main                                   0x080019b0   Section        0  main.o(i.main)
    i.prvAddCurrentTaskToDelayedList         0x080019fc   Section        0  tasks.o(i.prvAddCurrentTaskToDelayedList)
    prvAddCurrentTaskToDelayedList           0x080019fd   Thumb Code   164  tasks.o(i.prvAddCurrentTaskToDelayedList)
    i.prvAddNewTaskToReadyList               0x08001abc   Section        0  tasks.o(i.prvAddNewTaskToReadyList)
    prvAddNewTaskToReadyList                 0x08001abd   Thumb Code   206  tasks.o(i.prvAddNewTaskToReadyList)
    i.prvCheckForValidListAndQueue           0x08001ba8   Section        0  timers.o(i.prvCheckForValidListAndQueue)
    prvCheckForValidListAndQueue             0x08001ba9   Thumb Code    72  timers.o(i.prvCheckForValidListAndQueue)
    i.prvCheckTasksWaitingTermination        0x08001c0c   Section        0  tasks.o(i.prvCheckTasksWaitingTermination)
    prvCheckTasksWaitingTermination          0x08001c0d   Thumb Code    60  tasks.o(i.prvCheckTasksWaitingTermination)
    i.prvCopyDataFromQueue                   0x08001c54   Section        0  queue.o(i.prvCopyDataFromQueue)
    prvCopyDataFromQueue                     0x08001c55   Thumb Code    42  queue.o(i.prvCopyDataFromQueue)
    i.prvCopyDataToQueue                     0x08001c7e   Section        0  queue.o(i.prvCopyDataToQueue)
    prvCopyDataToQueue                       0x08001c7f   Thumb Code   126  queue.o(i.prvCopyDataToQueue)
    i.prvDeleteTCB                           0x08001cfc   Section        0  tasks.o(i.prvDeleteTCB)
    prvDeleteTCB                             0x08001cfd   Thumb Code    18  tasks.o(i.prvDeleteTCB)
    i.prvGetNextExpireTime                   0x08001d10   Section        0  timers.o(i.prvGetNextExpireTime)
    prvGetNextExpireTime                     0x08001d11   Thumb Code    36  timers.o(i.prvGetNextExpireTime)
    i.prvHeapInit                            0x08001d38   Section        0  heap_4.o(i.prvHeapInit)
    prvHeapInit                              0x08001d39   Thumb Code    90  heap_4.o(i.prvHeapInit)
    i.prvIdleTask                            0x08001da8   Section        0  tasks.o(i.prvIdleTask)
    prvIdleTask                              0x08001da9   Thumb Code    32  tasks.o(i.prvIdleTask)
    i.prvInitialiseNewQueue                  0x08001dd0   Section        0  queue.o(i.prvInitialiseNewQueue)
    prvInitialiseNewQueue                    0x08001dd1   Thumb Code    46  queue.o(i.prvInitialiseNewQueue)
    i.prvInitialiseNewTask                   0x08001dfe   Section        0  tasks.o(i.prvInitialiseNewTask)
    prvInitialiseNewTask                     0x08001dff   Thumb Code   204  tasks.o(i.prvInitialiseNewTask)
    i.prvInitialiseTaskLists                 0x08001ecc   Section        0  tasks.o(i.prvInitialiseTaskLists)
    prvInitialiseTaskLists                   0x08001ecd   Thumb Code    70  tasks.o(i.prvInitialiseTaskLists)
    i.prvInsertBlockIntoFreeList             0x08001f34   Section        0  heap_4.o(i.prvInsertBlockIntoFreeList)
    prvInsertBlockIntoFreeList               0x08001f35   Thumb Code    96  heap_4.o(i.prvInsertBlockIntoFreeList)
    i.prvInsertTimerInActiveList             0x08001f9c   Section        0  timers.o(i.prvInsertTimerInActiveList)
    prvInsertTimerInActiveList               0x08001f9d   Thumb Code    80  timers.o(i.prvInsertTimerInActiveList)
    i.prvIsQueueEmpty                        0x08001ff4   Section        0  queue.o(i.prvIsQueueEmpty)
    prvIsQueueEmpty                          0x08001ff5   Thumb Code    26  queue.o(i.prvIsQueueEmpty)
    i.prvNotifyQueueSetContainer             0x0800200e   Section        0  queue.o(i.prvNotifyQueueSetContainer)
    prvNotifyQueueSetContainer               0x0800200f   Thumb Code   184  queue.o(i.prvNotifyQueueSetContainer)
    i.prvProcessExpiredTimer                 0x080020c8   Section        0  timers.o(i.prvProcessExpiredTimer)
    prvProcessExpiredTimer                   0x080020c9   Thumb Code    62  timers.o(i.prvProcessExpiredTimer)
    i.prvProcessReceivedCommands             0x0800210c   Section        0  timers.o(i.prvProcessReceivedCommands)
    prvProcessReceivedCommands               0x0800210d   Thumb Code   280  timers.o(i.prvProcessReceivedCommands)
    i.prvProcessTimerOrBlockTask             0x08002228   Section        0  timers.o(i.prvProcessTimerOrBlockTask)
    prvProcessTimerOrBlockTask               0x08002229   Thumb Code   102  timers.o(i.prvProcessTimerOrBlockTask)
    i.prvReloadTimer                         0x0800229c   Section        0  timers.o(i.prvReloadTimer)
    prvReloadTimer                           0x0800229d   Thumb Code    40  timers.o(i.prvReloadTimer)
    i.prvResetNextTaskUnblockTime            0x080022c4   Section        0  tasks.o(i.prvResetNextTaskUnblockTime)
    prvResetNextTaskUnblockTime              0x080022c5   Thumb Code    40  tasks.o(i.prvResetNextTaskUnblockTime)
    i.prvSampleTimeNow                       0x080022f4   Section        0  timers.o(i.prvSampleTimeNow)
    prvSampleTimeNow                         0x080022f5   Thumb Code    40  timers.o(i.prvSampleTimeNow)
    i.prvSwitchTimerLists                    0x08002320   Section        0  timers.o(i.prvSwitchTimerLists)
    prvSwitchTimerLists                      0x08002321   Thumb Code    58  timers.o(i.prvSwitchTimerLists)
    i.prvTaskExitError                       0x08002364   Section        0  port.o(i.prvTaskExitError)
    prvTaskExitError                         0x08002365   Thumb Code    60  port.o(i.prvTaskExitError)
    i.prvTaskIsTaskSuspended                 0x080023a4   Section        0  tasks.o(i.prvTaskIsTaskSuspended)
    prvTaskIsTaskSuspended                   0x080023a5   Thumb Code    80  tasks.o(i.prvTaskIsTaskSuspended)
    i.prvTimerTask                           0x080023fc   Section        0  timers.o(i.prvTimerTask)
    prvTimerTask                             0x080023fd   Thumb Code    26  timers.o(i.prvTimerTask)
    i.prvUnlockQueue                         0x08002416   Section        0  queue.o(i.prvUnlockQueue)
    prvUnlockQueue                           0x08002417   Thumb Code   144  queue.o(i.prvUnlockQueue)
    i.pvPortMalloc                           0x080024a8   Section        0  heap_4.o(i.pvPortMalloc)
    i.pxPortInitialiseStack                  0x080025d4   Section        0  port.o(i.pxPortInitialiseStack)
    i.stderr_putchar                         0x08002600   Section        0  retarget_io.o(i.stderr_putchar)
    stderr_putchar                           0x08002601   Thumb Code     4  retarget_io.o(i.stderr_putchar)
    i.stdout_putchar                         0x08002604   Section        0  retarget_io.o(i.stdout_putchar)
    stdout_putchar                           0x08002605   Thumb Code     4  retarget_io.o(i.stdout_putchar)
    i.uxListRemove                           0x08002608   Section        0  list.o(i.uxListRemove)
    i.uxTaskGetNumberOfTasks                 0x08002630   Section        0  tasks.o(i.uxTaskGetNumberOfTasks)
    i.vListInitialise                        0x0800263c   Section        0  list.o(i.vListInitialise)
    i.vListInitialiseItem                    0x08002656   Section        0  list.o(i.vListInitialiseItem)
    i.vListInsert                            0x0800265c   Section        0  list.o(i.vListInsert)
    i.vListInsertEnd                         0x08002690   Section        0  list.o(i.vListInsertEnd)
    i.vPortEnterCritical                     0x080026a8   Section        0  port.o(i.vPortEnterCritical)
    i.vPortExitCritical                      0x080026fc   Section        0  port.o(i.vPortExitCritical)
    i.vPortFree                              0x08002738   Section        0  heap_4.o(i.vPortFree)
    i.vPortSetupTimerInterrupt               0x080027c4   Section        0  port.o(i.vPortSetupTimerInterrupt)
    i.vQueueAddToRegistry                    0x080027ec   Section        0  queue.o(i.vQueueAddToRegistry)
    i.vQueueWaitForMessageRestricted         0x0800284c   Section        0  queue.o(i.vQueueWaitForMessageRestricted)
    i.vTaskDelay                             0x08002898   Section        0  tasks.o(i.vTaskDelay)
    i.vTaskDelete                            0x080028f4   Section        0  tasks.o(i.vTaskDelete)
    i.vTaskInternalSetTimeOutState           0x080029f0   Section        0  tasks.o(i.vTaskInternalSetTimeOutState)
    i.vTaskMissedYield                       0x08002a08   Section        0  tasks.o(i.vTaskMissedYield)
    i.vTaskPlaceOnEventList                  0x08002a14   Section        0  tasks.o(i.vTaskPlaceOnEventList)
    i.vTaskPlaceOnEventListRestricted        0x08002a4c   Section        0  tasks.o(i.vTaskPlaceOnEventListRestricted)
    i.vTaskResume                            0x08002ab0   Section        0  tasks.o(i.vTaskResume)
    i.vTaskStartScheduler                    0x08002b74   Section        0  tasks.o(i.vTaskStartScheduler)
    i.vTaskSuspend                           0x08002c10   Section        0  tasks.o(i.vTaskSuspend)
    i.vTaskSuspendAll                        0x08002d10   Section        0  tasks.o(i.vTaskSuspendAll)
    i.vTaskSwitchContext                     0x08002d20   Section        0  tasks.o(i.vTaskSwitchContext)
    i.xPortStartScheduler                    0x08002dac   Section        0  port.o(i.xPortStartScheduler)
    i.xQueueGenericCreate                    0x08002f14   Section        0  queue.o(i.xQueueGenericCreate)
    i.xQueueGenericReset                     0x08002f7c   Section        0  queue.o(i.xQueueGenericReset)
    i.xQueueReceive                          0x08003058   Section        0  queue.o(i.xQueueReceive)
    i.xTaskCheckForTimeOut                   0x080031c0   Section        0  tasks.o(i.xTaskCheckForTimeOut)
    i.xTaskCreate                            0x08003250   Section        0  tasks.o(i.xTaskCreate)
    i.xTaskGetSchedulerState                 0x080032b8   Section        0  tasks.o(i.xTaskGetSchedulerState)
    i.xTaskGetTickCount                      0x080032d8   Section        0  tasks.o(i.xTaskGetTickCount)
    i.xTaskIncrementTick                     0x080032e4   Section        0  tasks.o(i.xTaskIncrementTick)
    i.xTaskPriorityDisinherit                0x080034a0   Section        0  tasks.o(i.xTaskPriorityDisinherit)
    i.xTaskRemoveFromEventList               0x08003590   Section        0  tasks.o(i.xTaskRemoveFromEventList)
    i.xTaskResumeAll                         0x080036b0   Section        0  tasks.o(i.xTaskResumeAll)
    i.xTimerCreateTimerTask                  0x08003828   Section        0  timers.o(i.xTimerCreateTimerTask)
    x$fpl$fpinit                             0x0800387c   Section       10  fpinit.o(x$fpl$fpinit)
    $v0                                      0x0800387c   Number         0  fpinit.o(x$fpl$fpinit)
    .constdata                               0x08003886   Section       23  retarget_io.o(.constdata)
    .data                                    0x20000000   Section       20  system_stm32f4xx.o(.data)
    .data                                    0x20000014   Section       16  stm32f4xx_rcc.o(.data)
    APBAHBPrescTable                         0x20000014   Data          16  stm32f4xx_rcc.o(.data)
    .data                                    0x20000024   Section       64  tasks.o(.data)
    pxDelayedTaskList                        0x20000028   Data           4  tasks.o(.data)
    pxOverflowDelayedTaskList                0x2000002c   Data           4  tasks.o(.data)
    uxDeletedTasksWaitingCleanUp             0x20000030   Data           4  tasks.o(.data)
    uxCurrentNumberOfTasks                   0x20000034   Data           4  tasks.o(.data)
    xTickCount                               0x20000038   Data           4  tasks.o(.data)
    uxTopReadyPriority                       0x2000003c   Data           4  tasks.o(.data)
    xSchedulerRunning                        0x20000040   Data           4  tasks.o(.data)
    xPendedTicks                             0x20000044   Data           4  tasks.o(.data)
    xYieldPending                            0x20000048   Data           4  tasks.o(.data)
    xNumOfOverflows                          0x2000004c   Data           4  tasks.o(.data)
    uxTaskNumber                             0x20000050   Data           4  tasks.o(.data)
    xNextTaskUnblockTime                     0x20000054   Data           4  tasks.o(.data)
    xIdleTaskHandle                          0x20000058   Data           4  tasks.o(.data)
    uxSchedulerSuspended                     0x20000060   Data           4  tasks.o(.data)
    .data                                    0x20000064   Section       20  timers.o(.data)
    pxCurrentTimerList                       0x20000064   Data           4  timers.o(.data)
    pxOverflowTimerList                      0x20000068   Data           4  timers.o(.data)
    xTimerQueue                              0x2000006c   Data           4  timers.o(.data)
    xTimerTaskHandle                         0x20000070   Data           4  timers.o(.data)
    xLastTime                                0x20000074   Data           4  timers.o(.data)
    .data                                    0x20000078   Section       12  port.o(.data)
    uxCriticalNesting                        0x20000078   Data           4  port.o(.data)
    ucMaxSysCallPriority                     0x2000007c   Data           1  port.o(.data)
    ulMaxPRIGROUPValue                       0x20000080   Data           4  port.o(.data)
    .data                                    0x20000084   Section       28  heap_4.o(.data)
    xStart                                   0x20000084   Data           8  heap_4.o(.data)
    pxEnd                                    0x2000008c   Data           4  heap_4.o(.data)
    xFreeBytesRemaining                      0x20000090   Data           4  heap_4.o(.data)
    xMinimumEverFreeBytesRemaining           0x20000094   Data           4  heap_4.o(.data)
    xNumberOfSuccessfulAllocations           0x20000098   Data           4  heap_4.o(.data)
    xNumberOfSuccessfulFrees                 0x2000009c   Data           4  heap_4.o(.data)
    .data                                    0x200000a0   Section        4  delay.o(.data)
    fac_us                                   0x200000a0   Data           2  delay.o(.data)
    fac_ms                                   0x200000a2   Data           2  delay.o(.data)
    .data                                    0x200000a4   Section       13  main.o(.data)
    StartTask_Handler                        0x200000a4   Data           4  main.o(.data)
    KeyTask_Handler                          0x200000a8   Data           4  main.o(.data)
    LedTask_Handler                          0x200000ac   Data           4  main.o(.data)
    .data                                    0x200000b4   Section        4  stdio_streams.o(.data)
    .data                                    0x200000b8   Section        4  stdio_streams.o(.data)
    .data                                    0x200000bc   Section        4  stdio_streams.o(.data)
    .bss                                     0x200000c0   Section       64  queue.o(.bss)
    .bss                                     0x20000100   Section      740  tasks.o(.bss)
    pxReadyTasksLists                        0x20000100   Data         640  tasks.o(.bss)
    xDelayedTaskList1                        0x20000380   Data          20  tasks.o(.bss)
    xDelayedTaskList2                        0x20000394   Data          20  tasks.o(.bss)
    xPendingReadyList                        0x200003a8   Data          20  tasks.o(.bss)
    xTasksWaitingTermination                 0x200003bc   Data          20  tasks.o(.bss)
    xSuspendedTaskList                       0x200003d0   Data          20  tasks.o(.bss)
    .bss                                     0x200003e4   Section       40  timers.o(.bss)
    xActiveTimerList1                        0x200003e4   Data          20  timers.o(.bss)
    xActiveTimerList2                        0x200003f8   Data          20  timers.o(.bss)
    .bss                                     0x2000040c   Section    24576  heap_4.o(.bss)
    ucHeap                                   0x2000040c   Data       24576  heap_4.o(.bss)
    .bss                                     0x2000640c   Section       84  stdio_streams.o(.bss)
    .bss                                     0x20006460   Section       84  stdio_streams.o(.bss)
    .bss                                     0x200064b4   Section       84  stdio_streams.o(.bss)
    .bss                                     0x20006508   Section       96  libspace.o(.bss)
    HEAP                                     0x20006568   Section      512  startup_stm32f40_41xxx.o(HEAP)
    Heap_Mem                                 0x20006568   Data         512  startup_stm32f40_41xxx.o(HEAP)
    STACK                                    0x20006768   Section     1024  startup_stm32f40_41xxx.o(STACK)
    Stack_Mem                                0x20006768   Data        1024  startup_stm32f40_41xxx.o(STACK)
    __initial_sp                             0x20006b68   Data           0  startup_stm32f40_41xxx.o(STACK)

    Global Symbols

    Symbol Name                              Value     Ov Type        Size  Object(Section)

    BuildAttributes$$THM_ISAv4$E$P$D$K$B$S$7EM$VFPi3$EXTD16$VFPS$VFMA$PE$A:L22UL41UL21$X:L11$S22US41US21$IEEE1$IW$USESV6$~STKCKD$USESV7$~SHL$OTIME$ROPI$EBA8$UX$STANDARDLIB$REQ8$PRES8$EABIv2 0x00000000   Number         0  anon$$obj.o ABSOLUTE
    __ARM_use_no_argv                        0x00000000   Number         0  main.o ABSOLUTE
    __ARM_exceptions_init                     - Undefined Weak Reference
    __alloca_initialize                       - Undefined Weak Reference
    __arm_preinit_                            - Undefined Weak Reference
    __cpp_initialize__aeabi_                  - Undefined Weak Reference
    __cxa_finalize                            - Undefined Weak Reference
    __rt_locale                               - Undefined Weak Reference
    __sigvec_lookup                           - Undefined Weak Reference
    __user_heap_extent                        - Undefined Weak Reference
    _atexit_init                              - Undefined Weak Reference
    _call_atexit_fns                          - Undefined Weak Reference
    _clock_init                               - Undefined Weak Reference
    _fp_trap_init                             - Undefined Weak Reference
    _fp_trap_shutdown                         - Undefined Weak Reference
    _get_lc_collate                           - Undefined Weak Reference
    _get_lc_ctype                             - Undefined Weak Reference
    _get_lc_monetary                          - Undefined Weak Reference
    _get_lc_numeric                           - Undefined Weak Reference
    _get_lc_time                              - Undefined Weak Reference
    _getenv_init                              - Undefined Weak Reference
    _handle_redirection                       - Undefined Weak Reference
    _mutex_acquire                            - Undefined Weak Reference
    _mutex_free                               - Undefined Weak Reference
    _mutex_release                            - Undefined Weak Reference
    _printf_mbtowc                            - Undefined Weak Reference
    _printf_post_padding                      - Undefined Weak Reference
    _printf_pre_padding                       - Undefined Weak Reference
    _printf_truncate_signed                   - Undefined Weak Reference
    _printf_truncate_unsigned                 - Undefined Weak Reference
    _rand_init                                - Undefined Weak Reference
    _signal_finish                            - Undefined Weak Reference
    _signal_init                              - Undefined Weak Reference
    __Vectors_Size                           0x00000188   Number         0  startup_stm32f40_41xxx.o ABSOLUTE
    __Vectors                                0x08000000   Data           4  startup_stm32f40_41xxx.o(RESET)
    __Vectors_End                            0x08000188   Data           0  startup_stm32f40_41xxx.o(RESET)
    __main                                   0x08000189   Thumb Code     8  __main.o(!!!main)
    __scatterload                            0x08000191   Thumb Code     0  __scatter.o(!!!scatter)
    __scatterload_rt2                        0x08000191   Thumb Code    44  __scatter.o(!!!scatter)
    __scatterload_rt2_thumb_only             0x08000191   Thumb Code     0  __scatter.o(!!!scatter)
    __scatterload_null                       0x0800019f   Thumb Code     0  __scatter.o(!!!scatter)
    __scatterload_copy                       0x080001c5   Thumb Code    26  __scatter_copy.o(!!handler_copy)
    __scatterload_zeroinit                   0x080001e1   Thumb Code    28  __scatter_zi.o(!!handler_zi)
    _printf_percent                          0x080001fd   Thumb Code     0  _printf_percent.o(.ARM.Collect$$_printf_percent$$00000000)
    _printf_percent_end                      0x080001fd   Thumb Code     0  _printf_percent_end.o(.ARM.Collect$$_printf_percent$$00000017)
    __rt_lib_init                            0x08000201   Thumb Code     0  libinit.o(.ARM.Collect$$libinit$$00000000)
    __rt_lib_init_fp_1                       0x08000203   Thumb Code     0  libinit2.o(.ARM.Collect$$libinit$$00000001)
    __rt_lib_init_heap_2                     0x08000207   Thumb Code     0  libinit2.o(.ARM.Collect$$libinit$$00000005)
    __rt_lib_init_preinit_1                  0x08000207   Thumb Code     0  libinit2.o(.ARM.Collect$$libinit$$00000004)
    __rt_lib_init_atexit_1                   0x0800020f   Thumb Code     0  libinit2.o(.ARM.Collect$$libinit$$0000001B)
    __rt_lib_init_clock_1                    0x0800020f   Thumb Code     0  libinit2.o(.ARM.Collect$$libinit$$00000021)
    __rt_lib_init_fp_trap_1                  0x0800020f   Thumb Code     0  libinit2.o(.ARM.Collect$$libinit$$0000001F)
    __rt_lib_init_getenv_1                   0x0800020f   Thumb Code     0  libinit2.o(.ARM.Collect$$libinit$$00000023)
    __rt_lib_init_heap_1                     0x0800020f   Thumb Code     0  libinit2.o(.ARM.Collect$$libinit$$0000000A)
    __rt_lib_init_lc_collate_1               0x0800020f   Thumb Code     0  libinit2.o(.ARM.Collect$$libinit$$00000011)
    __rt_lib_init_lc_ctype_1                 0x0800020f   Thumb Code     0  libinit2.o(.ARM.Collect$$libinit$$00000013)
    __rt_lib_init_lc_monetary_1              0x0800020f   Thumb Code     0  libinit2.o(.ARM.Collect$$libinit$$00000015)
    __rt_lib_init_lc_numeric_1               0x0800020f   Thumb Code     0  libinit2.o(.ARM.Collect$$libinit$$00000017)
    __rt_lib_init_lc_time_1                  0x0800020f   Thumb Code     0  libinit2.o(.ARM.Collect$$libinit$$00000019)
    __rt_lib_init_rand_1                     0x0800020f   Thumb Code     0  libinit2.o(.ARM.Collect$$libinit$$0000000E)
    __rt_lib_init_signal_1                   0x0800020f   Thumb Code     0  libinit2.o(.ARM.Collect$$libinit$$0000001D)
    __rt_lib_init_stdio_2                    0x0800020f   Thumb Code     0  libinit2.o(.ARM.Collect$$libinit$$00000024)
    __rt_lib_init_user_alloc_1               0x0800020f   Thumb Code     0  libinit2.o(.ARM.Collect$$libinit$$0000000C)
    __rt_lib_init_alloca_1                   0x08000213   Thumb Code     0  libinit2.o(.ARM.Collect$$libinit$$0000002E)
    __rt_lib_init_argv_1                     0x08000213   Thumb Code     0  libinit2.o(.ARM.Collect$$libinit$$0000002C)
    __rt_lib_init_cpp_1                      0x08000213   Thumb Code     0  libinit2.o(.ARM.Collect$$libinit$$00000032)
    __rt_lib_init_exceptions_1               0x08000213   Thumb Code     0  libinit2.o(.ARM.Collect$$libinit$$00000030)
    __rt_lib_init_return                     0x08000213   Thumb Code     0  libinit2.o(.ARM.Collect$$libinit$$00000033)
    __rt_lib_init_stdio_1                    0x08000213   Thumb Code     0  libinit2.o(.ARM.Collect$$libinit$$00000025)
    __rt_lib_shutdown                        0x08000215   Thumb Code     0  libshutdown.o(.ARM.Collect$$libshutdown$$00000000)
    __rt_lib_shutdown_cpp_1                  0x08000217   Thumb Code     0  libshutdown2.o(.ARM.Collect$$libshutdown$$00000002)
    __rt_lib_shutdown_stdio_2                0x08000217   Thumb Code     0  libshutdown2.o(.ARM.Collect$$libshutdown$$00000003)
    __rt_lib_shutdown_fp_trap_1              0x0800021b   Thumb Code     0  libshutdown2.o(.ARM.Collect$$libshutdown$$00000007)
    __rt_lib_shutdown_heap_1                 0x0800021b   Thumb Code     0  libshutdown2.o(.ARM.Collect$$libshutdown$$0000000F)
    __rt_lib_shutdown_return                 0x0800021b   Thumb Code     0  libshutdown2.o(.ARM.Collect$$libshutdown$$00000010)
    __rt_lib_shutdown_signal_1               0x0800021b   Thumb Code     0  libshutdown2.o(.ARM.Collect$$libshutdown$$0000000A)
    __rt_lib_shutdown_stdio_1                0x0800021b   Thumb Code     0  libshutdown2.o(.ARM.Collect$$libshutdown$$00000004)
    __rt_lib_shutdown_user_alloc_1           0x0800021b   Thumb Code     0  libshutdown2.o(.ARM.Collect$$libshutdown$$0000000C)
    __rt_entry                               0x0800021d   Thumb Code     0  __rtentry.o(.ARM.Collect$$rtentry$$00000000)
    __rt_entry_presh_1                       0x0800021d   Thumb Code     0  __rtentry2.o(.ARM.Collect$$rtentry$$00000002)
    __rt_entry_sh                            0x0800021d   Thumb Code     0  __rtentry4.o(.ARM.Collect$$rtentry$$00000004)
    __rt_entry_li                            0x08000223   Thumb Code     0  __rtentry2.o(.ARM.Collect$$rtentry$$0000000A)
    __rt_entry_postsh_1                      0x08000223   Thumb Code     0  __rtentry2.o(.ARM.Collect$$rtentry$$00000009)
    __rt_entry_main                          0x08000227   Thumb Code     0  __rtentry2.o(.ARM.Collect$$rtentry$$0000000D)
    __rt_entry_postli_1                      0x08000227   Thumb Code     0  __rtentry2.o(.ARM.Collect$$rtentry$$0000000C)
    __rt_exit                                0x0800022f   Thumb Code     0  rtexit.o(.ARM.Collect$$rtexit$$00000000)
    __rt_exit_ls                             0x08000231   Thumb Code     0  rtexit2.o(.ARM.Collect$$rtexit$$00000003)
    __rt_exit_prels_1                        0x08000231   Thumb Code     0  rtexit2.o(.ARM.Collect$$rtexit$$00000002)
    __rt_exit_exit                           0x08000235   Thumb Code     0  rtexit2.o(.ARM.Collect$$rtexit$$00000004)
    SVC_Handler                              0x0800023d   Thumb Code    28  port.o(.emb_text)
    __asm___6_port_c_39a90d8d__prvStartFirstTask 0x0800025d   Thumb Code    36  port.o(.emb_text)
    __asm___6_port_c_39a90d8d__prvEnableVFP  0x08000285   Thumb Code    16  port.o(.emb_text)
    PendSV_Handler                           0x08000299   Thumb Code    88  port.o(.emb_text)
    vPortGetIPSR                             0x080002f5   Thumb Code     6  port.o(.emb_text)
    Reset_Handler                            0x080002fd   Thumb Code     8  startup_stm32f40_41xxx.o(.text)
    _maybe_terminate_alloc                   0x080002fd   Thumb Code     0  maybetermalloc1.o(.emb_text)
    ADC_IRQHandler                           0x08000317   Thumb Code     0  startup_stm32f40_41xxx.o(.text)
    CAN1_RX0_IRQHandler                      0x08000317   Thumb Code     0  startup_stm32f40_41xxx.o(.text)
    CAN1_RX1_IRQHandler                      0x08000317   Thumb Code     0  startup_stm32f40_41xxx.o(.text)
    CAN1_SCE_IRQHandler                      0x08000317   Thumb Code     0  startup_stm32f40_41xxx.o(.text)
    CAN1_TX_IRQHandler                       0x08000317   Thumb Code     0  startup_stm32f40_41xxx.o(.text)
    CAN2_RX0_IRQHandler                      0x08000317   Thumb Code     0  startup_stm32f40_41xxx.o(.text)
    CAN2_RX1_IRQHandler                      0x08000317   Thumb Code     0  startup_stm32f40_41xxx.o(.text)
    CAN2_SCE_IRQHandler                      0x08000317   Thumb Code     0  startup_stm32f40_41xxx.o(.text)
    CAN2_TX_IRQHandler                       0x08000317   Thumb Code     0  startup_stm32f40_41xxx.o(.text)
    CRYP_IRQHandler                          0x08000317   Thumb Code     0  startup_stm32f40_41xxx.o(.text)
    DCMI_IRQHandler                          0x08000317   Thumb Code     0  startup_stm32f40_41xxx.o(.text)
    DMA1_Stream0_IRQHandler                  0x08000317   Thumb Code     0  startup_stm32f40_41xxx.o(.text)
    DMA1_Stream1_IRQHandler                  0x08000317   Thumb Code     0  startup_stm32f40_41xxx.o(.text)
    DMA1_Stream2_IRQHandler                  0x08000317   Thumb Code     0  startup_stm32f40_41xxx.o(.text)
    DMA1_Stream3_IRQHandler                  0x08000317   Thumb Code     0  startup_stm32f40_41xxx.o(.text)
    DMA1_Stream4_IRQHandler                  0x08000317   Thumb Code     0  startup_stm32f40_41xxx.o(.text)
    DMA1_Stream5_IRQHandler                  0x08000317   Thumb Code     0  startup_stm32f40_41xxx.o(.text)
    DMA1_Stream6_IRQHandler                  0x08000317   Thumb Code     0  startup_stm32f40_41xxx.o(.text)
    DMA1_Stream7_IRQHandler                  0x08000317   Thumb Code     0  startup_stm32f40_41xxx.o(.text)
    DMA2_Stream0_IRQHandler                  0x08000317   Thumb Code     0  startup_stm32f40_41xxx.o(.text)
    DMA2_Stream1_IRQHandler                  0x08000317   Thumb Code     0  startup_stm32f40_41xxx.o(.text)
    DMA2_Stream2_IRQHandler                  0x08000317   Thumb Code     0  startup_stm32f40_41xxx.o(.text)
    DMA2_Stream3_IRQHandler                  0x08000317   Thumb Code     0  startup_stm32f40_41xxx.o(.text)
    DMA2_Stream4_IRQHandler                  0x08000317   Thumb Code     0  startup_stm32f40_41xxx.o(.text)
    DMA2_Stream5_IRQHandler                  0x08000317   Thumb Code     0  startup_stm32f40_41xxx.o(.text)
    DMA2_Stream6_IRQHandler                  0x08000317   Thumb Code     0  startup_stm32f40_41xxx.o(.text)
    DMA2_Stream7_IRQHandler                  0x08000317   Thumb Code     0  startup_stm32f40_41xxx.o(.text)
    ETH_IRQHandler                           0x08000317   Thumb Code     0  startup_stm32f40_41xxx.o(.text)
    ETH_WKUP_IRQHandler                      0x08000317   Thumb Code     0  startup_stm32f40_41xxx.o(.text)
    EXTI0_IRQHandler                         0x08000317   Thumb Code     0  startup_stm32f40_41xxx.o(.text)
    EXTI15_10_IRQHandler                     0x08000317   Thumb Code     0  startup_stm32f40_41xxx.o(.text)
    EXTI1_IRQHandler                         0x08000317   Thumb Code     0  startup_stm32f40_41xxx.o(.text)
    EXTI2_IRQHandler                         0x08000317   Thumb Code     0  startup_stm32f40_41xxx.o(.text)
    EXTI3_IRQHandler                         0x08000317   Thumb Code     0  startup_stm32f40_41xxx.o(.text)
    EXTI4_IRQHandler                         0x08000317   Thumb Code     0  startup_stm32f40_41xxx.o(.text)
    EXTI9_5_IRQHandler                       0x08000317   Thumb Code     0  startup_stm32f40_41xxx.o(.text)
    FLASH_IRQHandler                         0x08000317   Thumb Code     0  startup_stm32f40_41xxx.o(.text)
    FPU_IRQHandler                           0x08000317   Thumb Code     0  startup_stm32f40_41xxx.o(.text)
    FSMC_IRQHandler                          0x08000317   Thumb Code     0  startup_stm32f40_41xxx.o(.text)
    HASH_RNG_IRQHandler                      0x08000317   Thumb Code     0  startup_stm32f40_41xxx.o(.text)
    I2C1_ER_IRQHandler                       0x08000317   Thumb Code     0  startup_stm32f40_41xxx.o(.text)
    I2C1_EV_IRQHandler                       0x08000317   Thumb Code     0  startup_stm32f40_41xxx.o(.text)
    I2C2_ER_IRQHandler                       0x08000317   Thumb Code     0  startup_stm32f40_41xxx.o(.text)
    I2C2_EV_IRQHandler                       0x08000317   Thumb Code     0  startup_stm32f40_41xxx.o(.text)
    I2C3_ER_IRQHandler                       0x08000317   Thumb Code     0  startup_stm32f40_41xxx.o(.text)
    I2C3_EV_IRQHandler                       0x08000317   Thumb Code     0  startup_stm32f40_41xxx.o(.text)
    OTG_FS_IRQHandler                        0x08000317   Thumb Code     0  startup_stm32f40_41xxx.o(.text)
    OTG_FS_WKUP_IRQHandler                   0x08000317   Thumb Code     0  startup_stm32f40_41xxx.o(.text)
    OTG_HS_EP1_IN_IRQHandler                 0x08000317   Thumb Code     0  startup_stm32f40_41xxx.o(.text)
    OTG_HS_EP1_OUT_IRQHandler                0x08000317   Thumb Code     0  startup_stm32f40_41xxx.o(.text)
    OTG_HS_IRQHandler                        0x08000317   Thumb Code     0  startup_stm32f40_41xxx.o(.text)
    OTG_HS_WKUP_IRQHandler                   0x08000317   Thumb Code     0  startup_stm32f40_41xxx.o(.text)
    PVD_IRQHandler                           0x08000317   Thumb Code     0  startup_stm32f40_41xxx.o(.text)
    RCC_IRQHandler                           0x08000317   Thumb Code     0  startup_stm32f40_41xxx.o(.text)
    RTC_Alarm_IRQHandler                     0x08000317   Thumb Code     0  startup_stm32f40_41xxx.o(.text)
    RTC_WKUP_IRQHandler                      0x08000317   Thumb Code     0  startup_stm32f40_41xxx.o(.text)
    SDIO_IRQHandler                          0x08000317   Thumb Code     0  startup_stm32f40_41xxx.o(.text)
    SPI1_IRQHandler                          0x08000317   Thumb Code     0  startup_stm32f40_41xxx.o(.text)
    SPI2_IRQHandler                          0x08000317   Thumb Code     0  startup_stm32f40_41xxx.o(.text)
    SPI3_IRQHandler                          0x08000317   Thumb Code     0  startup_stm32f40_41xxx.o(.text)
    TAMP_STAMP_IRQHandler                    0x08000317   Thumb Code     0  startup_stm32f40_41xxx.o(.text)
    TIM1_BRK_TIM9_IRQHandler                 0x08000317   Thumb Code     0  startup_stm32f40_41xxx.o(.text)
    TIM1_CC_IRQHandler                       0x08000317   Thumb Code     0  startup_stm32f40_41xxx.o(.text)
    TIM1_TRG_COM_TIM11_IRQHandler            0x08000317   Thumb Code     0  startup_stm32f40_41xxx.o(.text)
    TIM1_UP_TIM10_IRQHandler                 0x08000317   Thumb Code     0  startup_stm32f40_41xxx.o(.text)
    TIM2_IRQHandler                          0x08000317   Thumb Code     0  startup_stm32f40_41xxx.o(.text)
    TIM3_IRQHandler                          0x08000317   Thumb Code     0  startup_stm32f40_41xxx.o(.text)
    TIM4_IRQHandler                          0x08000317   Thumb Code     0  startup_stm32f40_41xxx.o(.text)
    TIM5_IRQHandler                          0x08000317   Thumb Code     0  startup_stm32f40_41xxx.o(.text)
    TIM6_DAC_IRQHandler                      0x08000317   Thumb Code     0  startup_stm32f40_41xxx.o(.text)
    TIM7_IRQHandler                          0x08000317   Thumb Code     0  startup_stm32f40_41xxx.o(.text)
    TIM8_BRK_TIM12_IRQHandler                0x08000317   Thumb Code     0  startup_stm32f40_41xxx.o(.text)
    TIM8_CC_IRQHandler                       0x08000317   Thumb Code     0  startup_stm32f40_41xxx.o(.text)
    TIM8_TRG_COM_TIM14_IRQHandler            0x08000317   Thumb Code     0  startup_stm32f40_41xxx.o(.text)
    TIM8_UP_TIM13_IRQHandler                 0x08000317   Thumb Code     0  startup_stm32f40_41xxx.o(.text)
    UART4_IRQHandler                         0x08000317   Thumb Code     0  startup_stm32f40_41xxx.o(.text)
    UART5_IRQHandler                         0x08000317   Thumb Code     0  startup_stm32f40_41xxx.o(.text)
    USART1_IRQHandler                        0x08000317   Thumb Code     0  startup_stm32f40_41xxx.o(.text)
    USART2_IRQHandler                        0x08000317   Thumb Code     0  startup_stm32f40_41xxx.o(.text)
    USART3_IRQHandler                        0x08000317   Thumb Code     0  startup_stm32f40_41xxx.o(.text)
    USART6_IRQHandler                        0x08000317   Thumb Code     0  startup_stm32f40_41xxx.o(.text)
    WWDG_IRQHandler                          0x08000317   Thumb Code     0  startup_stm32f40_41xxx.o(.text)
    __user_initial_stackheap                 0x08000319   Thumb Code     0  startup_stm32f40_41xxx.o(.text)
    __2printf                                0x0800033d   Thumb Code    20  noretval__2printf.o(.text)
    __printf                                 0x08000355   Thumb Code   104  __printf.o(.text)
    __aeabi_memcpy                           0x080003bd   Thumb Code     0  rt_memcpy_v6.o(.text)
    __rt_memcpy                              0x080003bd   Thumb Code   138  rt_memcpy_v6.o(.text)
    _memcpy_lastbytes                        0x08000423   Thumb Code     0  rt_memcpy_v6.o(.text)
    __aeabi_memset                           0x08000447   Thumb Code    16  aeabi_memset.o(.text)
    __aeabi_memclr                           0x08000457   Thumb Code     0  rt_memclr.o(.text)
    __rt_memclr                              0x08000457   Thumb Code    68  rt_memclr.o(.text)
    _memset                                  0x0800045b   Thumb Code     0  rt_memclr.o(.text)
    __aeabi_memclr4                          0x0800049b   Thumb Code     0  rt_memclr_w.o(.text)
    __aeabi_memclr8                          0x0800049b   Thumb Code     0  rt_memclr_w.o(.text)
    __rt_memclr_w                            0x0800049b   Thumb Code    78  rt_memclr_w.o(.text)
    _memset_w                                0x0800049f   Thumb Code     0  rt_memclr_w.o(.text)
    strcmp                                   0x080004e9   Thumb Code   128  strcmpv7m.o(.text)
    __use_two_region_memory                  0x08000569   Thumb Code     2  heapauxi.o(.text)
    __rt_heap_escrow                         0x0800056b   Thumb Code     2  heapauxi.o(.text)
    __rt_heap_expand                         0x0800056d   Thumb Code     2  heapauxi.o(.text)
    _printf_char_common                      0x0800057b   Thumb Code    32  _printf_char_common.o(.text)
    _printf_char_file                        0x080005a1   Thumb Code    32  _printf_char_file.o(.text)
    __aeabi_memcpy4                          0x080005c5   Thumb Code     0  rt_memcpy_w.o(.text)
    __aeabi_memcpy8                          0x080005c5   Thumb Code     0  rt_memcpy_w.o(.text)
    __rt_memcpy_w                            0x080005c5   Thumb Code   100  rt_memcpy_w.o(.text)
    _memcpy_lastbytes_aligned                0x0800060d   Thumb Code     0  rt_memcpy_w.o(.text)
    ferror                                   0x08000629   Thumb Code     8  ferror.o(.text)
    _initio                                  0x08000631   Thumb Code   210  initio.o(.text)
    _terminateio                             0x08000703   Thumb Code    56  initio.o(.text)
    __user_setup_stackheap                   0x08000769   Thumb Code    74  sys_stackheap_outer.o(.text)
    free                                     0x080007b3   Thumb Code    78  h1_free.o(.text)
    setvbuf                                  0x08000801   Thumb Code    70  setvbuf.o(.text)
    freopen                                  0x08000849   Thumb Code   158  fopen.o(.text)
    fopen                                    0x080008e7   Thumb Code    74  fopen.o(.text)
    _fclose_internal                         0x08000935   Thumb Code    76  fclose.o(.text)
    fclose                                   0x08000935   Thumb Code     0  fclose.o(.text)
    exit                                     0x08000981   Thumb Code    18  exit.o(.text)
    __rt_SIGRTRED                            0x08000993   Thumb Code    14  defsig_rtred_outer.o(.text)
    __user_libspace                          0x080009a1   Thumb Code     8  libspace.o(.text)
    __user_perproc_libspace                  0x080009a1   Thumb Code     0  libspace.o(.text)
    __user_perthread_libspace                0x080009a1   Thumb Code     0  libspace.o(.text)
    __rt_heap_descriptor                     0x080009a9   Thumb Code     8  rt_heap_descriptor_intlibspace.o(.text)
    __use_no_heap                            0x080009b1   Thumb Code     2  hguard.o(.text)
    __heap$guard                             0x080009b3   Thumb Code     2  hguard.o(.text)
    _terminate_user_alloc                    0x080009b5   Thumb Code     2  init_alloc.o(.text)
    _init_user_alloc                         0x080009b7   Thumb Code     2  init_alloc.o(.text)
    __Heap_Full                              0x080009b9   Thumb Code    34  init_alloc.o(.text)
    __Heap_Broken                            0x080009db   Thumb Code     6  init_alloc.o(.text)
    _init_alloc                              0x080009e1   Thumb Code    94  init_alloc.o(.text)
    malloc                                   0x08000a3f   Thumb Code    94  h1_alloc.o(.text)
    _fseek                                   0x08000a9d   Thumb Code   242  fseek.o(.text)
    fseek                                    0x08000a9d   Thumb Code     0  fseek.o(.text)
    _seterr                                  0x08000b95   Thumb Code    20  stdio.o(.text)
    _writebuf                                0x08000ba9   Thumb Code    84  stdio.o(.text)
    _fflush                                  0x08000bfd   Thumb Code    70  stdio.o(.text)
    _deferredlazyseek                        0x08000c43   Thumb Code    60  stdio.o(.text)
    __sig_exit                               0x08000c85   Thumb Code    10  defsig_exit.o(.text)
    __rt_SIGRTRED_inner                      0x08000c91   Thumb Code    14  defsig_rtred_inner.o(.text)
    _sys_exit                                0x08000cc5   Thumb Code     8  sys_exit.o(.text)
    __Heap_Initialize                        0x08000cd1   Thumb Code    10  h1_init.o(.text)
    __Heap_DescSize                          0x08000cdb   Thumb Code     4  h1_init.o(.text)
    __Heap_ProvideMemory                     0x08000cdf   Thumb Code    52  h1_extend.o(.text)
    _ftell_internal                          0x08000d13   Thumb Code    66  ftell.o(.text)
    ftell                                    0x08000d13   Thumb Code     0  ftell.o(.text)
    __default_signal_display                 0x08000d55   Thumb Code    50  defsig_general.o(.text)
    __rt_SIGRTMEM                            0x08000d87   Thumb Code    14  defsig_rtmem_outer.o(.text)
    _ttywrch                                 0x08000d95   Thumb Code    14  sys_wrch.o(.text)
    __I$use$semihosting                      0x08000da3   Thumb Code     0  use_no_semi.o(.text)
    __use_no_semihosting_swi                 0x08000da3   Thumb Code     2  use_no_semi.o(.text)
    __aeabi_errno_addr                       0x08000da5   Thumb Code     8  rt_errno_addr_intlibspace.o(.text)
    __errno$intlibspace                      0x08000da5   Thumb Code     0  rt_errno_addr_intlibspace.o(.text)
    __rt_errno_addr$intlibspace              0x08000da5   Thumb Code     0  rt_errno_addr_intlibspace.o(.text)
    __semihosting_library_function           0x08000da5   Thumb Code     0  indicate_semi.o(.text)
    __rt_SIGRTMEM_inner                      0x08000dad   Thumb Code    22  defsig_rtmem_inner.o(.text)
    BusFault_Handler                         0x08000dfd   Thumb Code     4  stm32f4xx_it.o(i.BusFault_Handler)
    DebugMon_Handler                         0x08000e01   Thumb Code     2  stm32f4xx_it.o(i.DebugMon_Handler)
    GPIO_Init                                0x08000e03   Thumb Code   144  stm32f4xx_gpio.o(i.GPIO_Init)
    GPIO_PinAFConfig                         0x08000e93   Thumb Code    70  stm32f4xx_gpio.o(i.GPIO_PinAFConfig)
    GPIO_ReadInputDataBit                    0x08000ed9   Thumb Code    18  stm32f4xx_gpio.o(i.GPIO_ReadInputDataBit)
    GPIO_ResetBits                           0x08000eeb   Thumb Code     4  stm32f4xx_gpio.o(i.GPIO_ResetBits)
    GPIO_SetBits                             0x08000eef   Thumb Code     4  stm32f4xx_gpio.o(i.GPIO_SetBits)
    GPIO_ToggleBits                          0x08000ef3   Thumb Code     8  stm32f4xx_gpio.o(i.GPIO_ToggleBits)
    HardFault_Handler                        0x08000efb   Thumb Code     4  stm32f4xx_it.o(i.HardFault_Handler)
    KeyTask                                  0x08000f01   Thumb Code   134  main.o(i.KeyTask)
    LedTask                                  0x08000fc5   Thumb Code    40  main.o(i.LedTask)
    MemManage_Handler                        0x0800102d   Thumb Code     4  stm32f4xx_it.o(i.MemManage_Handler)
    NMI_Handler                              0x08001031   Thumb Code     2  stm32f4xx_it.o(i.NMI_Handler)
    NVIC_Init                                0x08001035   Thumb Code   106  misc.o(i.NVIC_Init)
    NVIC_PriorityGroupConfig                 0x080010ad   Thumb Code    10  misc.o(i.NVIC_PriorityGroupConfig)
    RCC_AHB1PeriphClockCmd                   0x080010c1   Thumb Code    26  stm32f4xx_rcc.o(i.RCC_AHB1PeriphClockCmd)
    RCC_APB1PeriphResetCmd                   0x080010e1   Thumb Code    26  stm32f4xx_rcc.o(i.RCC_APB1PeriphResetCmd)
    RCC_APB2PeriphClockCmd                   0x08001101   Thumb Code    26  stm32f4xx_rcc.o(i.RCC_APB2PeriphClockCmd)
    RCC_APB2PeriphResetCmd                   0x08001121   Thumb Code    26  stm32f4xx_rcc.o(i.RCC_APB2PeriphResetCmd)
    RCC_GetClocksFreq                        0x08001141   Thumb Code   214  stm32f4xx_rcc.o(i.RCC_GetClocksFreq)
    StartTask                                0x08001315   Thumb Code    68  main.o(i.StartTask)
    SysTick_CLKSourceConfig                  0x0800137d   Thumb Code    40  misc.o(i.SysTick_CLKSourceConfig)
    SysTick_Handler                          0x080013a5   Thumb Code    46  port.o(i.SysTick_Handler)
    SystemInit                               0x080013d9   Thumb Code    88  system_stm32f4xx.o(i.SystemInit)
    UART1_Init                               0x08001441   Thumb Code   194  uart1.o(i.UART1_Init)
    USART_Cmd                                0x08001511   Thumb Code    24  stm32f4xx_usart.o(i.USART_Cmd)
    USART_DeInit                             0x08001529   Thumb Code   206  stm32f4xx_usart.o(i.USART_DeInit)
    USART_ITConfig                           0x08001619   Thumb Code    74  stm32f4xx_usart.o(i.USART_ITConfig)
    USART_Init                               0x08001665   Thumb Code   204  stm32f4xx_usart.o(i.USART_Init)
    USART_SendData                           0x08001739   Thumb Code     8  stm32f4xx_usart.o(i.USART_SendData)
    UsageFault_Handler                       0x08001741   Thumb Code     4  stm32f4xx_it.o(i.UsageFault_Handler)
    _sys_close                               0x08001745   Thumb Code    38  retarget_io.o(i._sys_close)
    _sys_flen                                0x0800176b   Thumb Code    36  retarget_io.o(i._sys_flen)
    _sys_istty                               0x0800178f   Thumb Code    36  retarget_io.o(i._sys_istty)
    _sys_open                                0x080017b5   Thumb Code    80  retarget_io.o(i._sys_open)
    _sys_seek                                0x0800181d   Thumb Code    44  retarget_io.o(i._sys_seek)
    _sys_write                               0x08001849   Thumb Code    88  retarget_io.o(i._sys_write)
    delay_init                               0x080018a1   Thumb Code    52  delay.o(i.delay_init)
    fputc                                    0x080018dd   Thumb Code    32  uart1.o(i.fputc)
    key_Init                                 0x08001901   Thumb Code    54  key.o(i.key_Init)
    led_Init                                 0x0800193d   Thumb Code    50  led.o(i.led_Init)
    led_blue_off                             0x08001975   Thumb Code    14  led.o(i.led_blue_off)
    led_blue_on                              0x08001989   Thumb Code    14  led.o(i.led_blue_on)
    led_red_toggle                           0x0800199d   Thumb Code    14  led.o(i.led_red_toggle)
    main                                     0x080019b1   Thumb Code    56  main.o(i.main)
    pvPortMalloc                             0x080024a9   Thumb Code   280  heap_4.o(i.pvPortMalloc)
    pxPortInitialiseStack                    0x080025d5   Thumb Code    38  port.o(i.pxPortInitialiseStack)
    uxListRemove                             0x08002609   Thumb Code    40  list.o(i.uxListRemove)
    uxTaskGetNumberOfTasks                   0x08002631   Thumb Code     6  tasks.o(i.uxTaskGetNumberOfTasks)
    vListInitialise                          0x0800263d   Thumb Code    26  list.o(i.vListInitialise)
    vListInitialiseItem                      0x08002657   Thumb Code     6  list.o(i.vListInitialiseItem)
    vListInsert                              0x0800265d   Thumb Code    52  list.o(i.vListInsert)
    vListInsertEnd                           0x08002691   Thumb Code    24  list.o(i.vListInsertEnd)
    vPortEnterCritical                       0x080026a9   Thumb Code    76  port.o(i.vPortEnterCritical)
    vPortExitCritical                        0x080026fd   Thumb Code    56  port.o(i.vPortExitCritical)
    vPortFree                                0x08002739   Thumb Code   132  heap_4.o(i.vPortFree)
    vPortSetupTimerInterrupt                 0x080027c5   Thumb Code    36  port.o(i.vPortSetupTimerInterrupt)
    vQueueAddToRegistry                      0x080027ed   Thumb Code    90  queue.o(i.vQueueAddToRegistry)
    vQueueWaitForMessageRestricted           0x0800284d   Thumb Code    74  queue.o(i.vQueueWaitForMessageRestricted)
    vTaskDelay                               0x08002899   Thumb Code    82  tasks.o(i.vTaskDelay)
    vTaskDelete                              0x080028f5   Thumb Code   210  tasks.o(i.vTaskDelete)
    vTaskInternalSetTimeOutState             0x080029f1   Thumb Code    14  tasks.o(i.vTaskInternalSetTimeOutState)
    vTaskMissedYield                         0x08002a09   Thumb Code     8  tasks.o(i.vTaskMissedYield)
    vTaskPlaceOnEventList                    0x08002a15   Thumb Code    52  tasks.o(i.vTaskPlaceOnEventList)
    vTaskPlaceOnEventListRestricted          0x08002a4d   Thumb Code    94  tasks.o(i.vTaskPlaceOnEventListRestricted)
    vTaskResume                              0x08002ab1   Thumb Code   180  tasks.o(i.vTaskResume)
    vTaskStartScheduler                      0x08002b75   Thumb Code   122  tasks.o(i.vTaskStartScheduler)
    vTaskSuspend                             0x08002c11   Thumb Code   224  tasks.o(i.vTaskSuspend)
    vTaskSuspendAll                          0x08002d11   Thumb Code    12  tasks.o(i.vTaskSuspendAll)
    vTaskSwitchContext                       0x08002d21   Thumb Code   118  tasks.o(i.vTaskSwitchContext)
    xPortStartScheduler                      0x08002dad   Thumb Code   330  port.o(i.xPortStartScheduler)
    xQueueGenericCreate                      0x08002f15   Thumb Code   102  queue.o(i.xQueueGenericCreate)
    xQueueGenericReset                       0x08002f7d   Thumb Code   214  queue.o(i.xQueueGenericReset)
    xQueueReceive                            0x08003059   Thumb Code   356  queue.o(i.xQueueReceive)
    xTaskCheckForTimeOut                     0x080031c1   Thumb Code   136  tasks.o(i.xTaskCheckForTimeOut)
    xTaskCreate                              0x08003251   Thumb Code   104  tasks.o(i.xTaskCreate)
    xTaskGetSchedulerState                   0x080032b9   Thumb Code    24  tasks.o(i.xTaskGetSchedulerState)
    xTaskGetTickCount                        0x080032d9   Thumb Code     6  tasks.o(i.xTaskGetTickCount)
    xTaskIncrementTick                       0x080032e5   Thumb Code   398  tasks.o(i.xTaskIncrementTick)
    xTaskPriorityDisinherit                  0x080034a1   Thumb Code   226  tasks.o(i.xTaskPriorityDisinherit)
    xTaskRemoveFromEventList                 0x08003591   Thumb Code   264  tasks.o(i.xTaskRemoveFromEventList)
    xTaskResumeAll                           0x080036b1   Thumb Code   338  tasks.o(i.xTaskResumeAll)
    xTimerCreateTimerTask                    0x08003829   Thumb Code    64  timers.o(i.xTimerCreateTimerTask)
    _fp_init                                 0x0800387d   Thumb Code    10  fpinit.o(x$fpl$fpinit)
    __fplib_config_fpu_vfp                   0x08003885   Thumb Code     0  fpinit.o(x$fpl$fpinit)
    __fplib_config_pureend_doubles           0x08003885   Thumb Code     0  fpinit.o(x$fpl$fpinit)
    __stdin_name                             0x08003886   Data           7  retarget_io.o(.constdata)
    __stdout_name                            0x0800388d   Data           8  retarget_io.o(.constdata)
    __stderr_name                            0x08003895   Data           8  retarget_io.o(.constdata)
    Region$$Table$$Base                      0x080038a0   Number         0  anon$$obj.o(Region$$Table)
    Region$$Table$$Limit                     0x080038c0   Number         0  anon$$obj.o(Region$$Table)
    SystemCoreClock                          0x20000000   Data           4  system_stm32f4xx.o(.data)
    AHBPrescTable                            0x20000004   Data          16  system_stm32f4xx.o(.data)
    pxCurrentTCB                             0x20000024   Data           4  tasks.o(.data)
    uxTopUsedPriority                        0x2000005c   Data           4  tasks.o(.data)
    led_flag                                 0x200000b0   Data           1  main.o(.data)
    __aeabi_stdin                            0x200000b4   Data           4  stdio_streams.o(.data)
    __aeabi_stdout                           0x200000b8   Data           4  stdio_streams.o(.data)
    __aeabi_stderr                           0x200000bc   Data           4  stdio_streams.o(.data)
    xQueueRegistry                           0x200000c0   Data          64  queue.o(.bss)
    __stdin                                  0x2000640c   Data          84  stdio_streams.o(.bss)
    __stdout                                 0x20006460   Data          84  stdio_streams.o(.bss)
    __stderr                                 0x200064b4   Data          84  stdio_streams.o(.bss)
    __libspace_start                         0x20006508   Data          96  libspace.o(.bss)
    __temporary_stack_top$libspace           0x20006568   Data           0  libspace.o(.bss)



==============================================================================

Memory Map of the image

  Image Entry point : 0x08000189

  Load Region LR_IROM1 (Base: 0x08000000, Size: 0x00003980, Max: 0x00100000, ABSOLUTE)

    Execution Region ER_IROM1 (Exec base: 0x08000000, Load base: 0x08000000, Size: 0x000038c0, Max: 0x00100000, ABSOLUTE)

    Exec Addr    Load Addr    Size         Type   Attr      Idx    E Section Name        Object

    0x08000000   0x08000000   0x00000188   Data   RO         5310    RESET               startup_stm32f40_41xxx.o
    0x08000188   0x08000188   0x00000008   Code   RO         6995  * !!!main             c_w.l(__main.o)
    0x08000190   0x08000190   0x00000034   Code   RO         7313    !!!scatter          c_w.l(__scatter.o)
    0x080001c4   0x080001c4   0x0000001a   Code   RO         7315    !!handler_copy      c_w.l(__scatter_copy.o)
    0x080001de   0x080001de   0x00000002   PAD
    0x080001e0   0x080001e0   0x0000001c   Code   RO         7317    !!handler_zi        c_w.l(__scatter_zi.o)
    0x080001fc   0x080001fc   0x00000000   Code   RO         6976    .ARM.Collect$$_printf_percent$$00000000  c_w.l(_printf_percent.o)
    0x080001fc   0x080001fc   0x00000004   Code   RO         7008    .ARM.Collect$$_printf_percent$$00000017  c_w.l(_printf_percent_end.o)
    0x08000200   0x08000200   0x00000002   Code   RO         7124    .ARM.Collect$$libinit$$00000000  c_w.l(libinit.o)
    0x08000202   0x08000202   0x00000004   Code   RO         7125    .ARM.Collect$$libinit$$00000001  c_w.l(libinit2.o)
    0x08000206   0x08000206   0x00000000   Code   RO         7128    .ARM.Collect$$libinit$$00000004  c_w.l(libinit2.o)
    0x08000206   0x08000206   0x00000008   Code   RO         7129    .ARM.Collect$$libinit$$00000005  c_w.l(libinit2.o)
    0x0800020e   0x0800020e   0x00000000   Code   RO         7131    .ARM.Collect$$libinit$$0000000A  c_w.l(libinit2.o)
    0x0800020e   0x0800020e   0x00000000   Code   RO         7133    .ARM.Collect$$libinit$$0000000C  c_w.l(libinit2.o)
    0x0800020e   0x0800020e   0x00000000   Code   RO         7135    .ARM.Collect$$libinit$$0000000E  c_w.l(libinit2.o)
    0x0800020e   0x0800020e   0x00000000   Code   RO         7138    .ARM.Collect$$libinit$$00000011  c_w.l(libinit2.o)
    0x0800020e   0x0800020e   0x00000000   Code   RO         7140    .ARM.Collect$$libinit$$00000013  c_w.l(libinit2.o)
    0x0800020e   0x0800020e   0x00000000   Code   RO         7142    .ARM.Collect$$libinit$$00000015  c_w.l(libinit2.o)
    0x0800020e   0x0800020e   0x00000000   Code   RO         7144    .ARM.Collect$$libinit$$00000017  c_w.l(libinit2.o)
    0x0800020e   0x0800020e   0x00000000   Code   RO         7146    .ARM.Collect$$libinit$$00000019  c_w.l(libinit2.o)
    0x0800020e   0x0800020e   0x00000000   Code   RO         7148    .ARM.Collect$$libinit$$0000001B  c_w.l(libinit2.o)
    0x0800020e   0x0800020e   0x00000000   Code   RO         7150    .ARM.Collect$$libinit$$0000001D  c_w.l(libinit2.o)
    0x0800020e   0x0800020e   0x00000000   Code   RO         7152    .ARM.Collect$$libinit$$0000001F  c_w.l(libinit2.o)
    0x0800020e   0x0800020e   0x00000000   Code   RO         7154    .ARM.Collect$$libinit$$00000021  c_w.l(libinit2.o)
    0x0800020e   0x0800020e   0x00000000   Code   RO         7156    .ARM.Collect$$libinit$$00000023  c_w.l(libinit2.o)
    0x0800020e   0x0800020e   0x00000004   Code   RO         7157    .ARM.Collect$$libinit$$00000024  c_w.l(libinit2.o)
    0x08000212   0x08000212   0x00000000   Code   RO         7158    .ARM.Collect$$libinit$$00000025  c_w.l(libinit2.o)
    0x08000212   0x08000212   0x00000000   Code   RO         7162    .ARM.Collect$$libinit$$0000002C  c_w.l(libinit2.o)
    0x08000212   0x08000212   0x00000000   Code   RO         7164    .ARM.Collect$$libinit$$0000002E  c_w.l(libinit2.o)
    0x08000212   0x08000212   0x00000000   Code   RO         7166    .ARM.Collect$$libinit$$00000030  c_w.l(libinit2.o)
    0x08000212   0x08000212   0x00000000   Code   RO         7168    .ARM.Collect$$libinit$$00000032  c_w.l(libinit2.o)
    0x08000212   0x08000212   0x00000002   Code   RO         7169    .ARM.Collect$$libinit$$00000033  c_w.l(libinit2.o)
    0x08000214   0x08000214   0x00000002   Code   RO         7292    .ARM.Collect$$libshutdown$$00000000  c_w.l(libshutdown.o)
    0x08000216   0x08000216   0x00000000   Code   RO         7171    .ARM.Collect$$libshutdown$$00000002  c_w.l(libshutdown2.o)
    0x08000216   0x08000216   0x00000004   Code   RO         7172    .ARM.Collect$$libshutdown$$00000003  c_w.l(libshutdown2.o)
    0x0800021a   0x0800021a   0x00000000   Code   RO         7173    .ARM.Collect$$libshutdown$$00000004  c_w.l(libshutdown2.o)
    0x0800021a   0x0800021a   0x00000000   Code   RO         7176    .ARM.Collect$$libshutdown$$00000007  c_w.l(libshutdown2.o)
    0x0800021a   0x0800021a   0x00000000   Code   RO         7179    .ARM.Collect$$libshutdown$$0000000A  c_w.l(libshutdown2.o)
    0x0800021a   0x0800021a   0x00000000   Code   RO         7181    .ARM.Collect$$libshutdown$$0000000C  c_w.l(libshutdown2.o)
    0x0800021a   0x0800021a   0x00000000   Code   RO         7184    .ARM.Collect$$libshutdown$$0000000F  c_w.l(libshutdown2.o)
    0x0800021a   0x0800021a   0x00000002   Code   RO         7185    .ARM.Collect$$libshutdown$$00000010  c_w.l(libshutdown2.o)
    0x0800021c   0x0800021c   0x00000000   Code   RO         6997    .ARM.Collect$$rtentry$$00000000  c_w.l(__rtentry.o)
    0x0800021c   0x0800021c   0x00000000   Code   RO         7018    .ARM.Collect$$rtentry$$00000002  c_w.l(__rtentry2.o)
    0x0800021c   0x0800021c   0x00000006   Code   RO         7030    .ARM.Collect$$rtentry$$00000004  c_w.l(__rtentry4.o)
    0x08000222   0x08000222   0x00000000   Code   RO         7020    .ARM.Collect$$rtentry$$00000009  c_w.l(__rtentry2.o)
    0x08000222   0x08000222   0x00000004   Code   RO         7021    .ARM.Collect$$rtentry$$0000000A  c_w.l(__rtentry2.o)
    0x08000226   0x08000226   0x00000000   Code   RO         7023    .ARM.Collect$$rtentry$$0000000C  c_w.l(__rtentry2.o)
    0x08000226   0x08000226   0x00000008   Code   RO         7024    .ARM.Collect$$rtentry$$0000000D  c_w.l(__rtentry2.o)
    0x0800022e   0x0800022e   0x00000002   Code   RO         7189    .ARM.Collect$$rtexit$$00000000  c_w.l(rtexit.o)
    0x08000230   0x08000230   0x00000000   Code   RO         7235    .ARM.Collect$$rtexit$$00000002  c_w.l(rtexit2.o)
    0x08000230   0x08000230   0x00000004   Code   RO         7236    .ARM.Collect$$rtexit$$00000003  c_w.l(rtexit2.o)
    0x08000234   0x08000234   0x00000006   Code   RO         7237    .ARM.Collect$$rtexit$$00000004  c_w.l(rtexit2.o)
    0x0800023a   0x0800023a   0x00000002   PAD
    0x0800023c   0x0800023c   0x000000be   Code   RO         6460    .emb_text           port.o
    0x080002fa   0x080002fa   0x00000002   PAD
    0x080002fc   0x080002fc   0x00000000   Code   RO         7241    .emb_text           c_w.l(maybetermalloc1.o)
    0x080002fc   0x080002fc   0x00000040   Code   RO         5311    .text               startup_stm32f40_41xxx.o
    0x0800033c   0x0800033c   0x00000018   Code   RO         6944    .text               c_w.l(noretval__2printf.o)
    0x08000354   0x08000354   0x00000068   Code   RO         6948    .text               c_w.l(__printf.o)
    0x080003bc   0x080003bc   0x0000008a   Code   RO         6981    .text               c_w.l(rt_memcpy_v6.o)
    0x08000446   0x08000446   0x00000010   Code   RO         6985    .text               c_w.l(aeabi_memset.o)
    0x08000456   0x08000456   0x00000044   Code   RO         6987    .text               c_w.l(rt_memclr.o)
    0x0800049a   0x0800049a   0x0000004e   Code   RO         6989    .text               c_w.l(rt_memclr_w.o)
    0x080004e8   0x080004e8   0x00000080   Code   RO         6991    .text               c_w.l(strcmpv7m.o)
    0x08000568   0x08000568   0x00000006   Code   RO         6993    .text               c_w.l(heapauxi.o)
    0x0800056e   0x0800056e   0x00000002   PAD
    0x08000570   0x08000570   0x00000030   Code   RO         7000    .text               c_w.l(_printf_char_common.o)
    0x080005a0   0x080005a0   0x00000024   Code   RO         7006    .text               c_w.l(_printf_char_file.o)
    0x080005c4   0x080005c4   0x00000064   Code   RO         7015    .text               c_w.l(rt_memcpy_w.o)
    0x08000628   0x08000628   0x00000008   Code   RO         7034    .text               c_w.l(ferror.o)
    0x08000630   0x08000630   0x00000138   Code   RO         7036    .text               c_w.l(initio.o)
    0x08000768   0x08000768   0x0000004a   Code   RO         7044    .text               c_w.l(sys_stackheap_outer.o)
    0x080007b2   0x080007b2   0x0000004e   Code   RO         7048    .text               c_w.l(h1_free.o)
    0x08000800   0x08000800   0x00000046   Code   RO         7102    .text               c_w.l(setvbuf.o)
    0x08000846   0x08000846   0x00000002   PAD
    0x08000848   0x08000848   0x000000ec   Code   RO         7105    .text               c_w.l(fopen.o)
    0x08000934   0x08000934   0x0000004c   Code   RO         7107    .text               c_w.l(fclose.o)
    0x08000980   0x08000980   0x00000012   Code   RO         7113    .text               c_w.l(exit.o)
    0x08000992   0x08000992   0x0000000e   Code   RO         7115    .text               c_w.l(defsig_rtred_outer.o)
    0x080009a0   0x080009a0   0x00000008   Code   RO         7186    .text               c_w.l(libspace.o)
    0x080009a8   0x080009a8   0x00000008   Code   RO         7196    .text               c_w.l(rt_heap_descriptor_intlibspace.o)
    0x080009b0   0x080009b0   0x00000004   Code   RO         7198    .text               c_w.l(hguard.o)
    0x080009b4   0x080009b4   0x0000008a   Code   RO         7200    .text               c_w.l(init_alloc.o)
    0x08000a3e   0x08000a3e   0x0000005e   Code   RO         7206    .text               c_w.l(h1_alloc.o)
    0x08000a9c   0x08000a9c   0x000000f8   Code   RO         7220    .text               c_w.l(fseek.o)
    0x08000b94   0x08000b94   0x000000f0   Code   RO         7222    .text               c_w.l(stdio.o)
    0x08000c84   0x08000c84   0x0000000a   Code   RO         7224    .text               c_w.l(defsig_exit.o)
    0x08000c8e   0x08000c8e   0x00000002   PAD
    0x08000c90   0x08000c90   0x00000034   Code   RO         7226    .text               c_w.l(defsig_rtred_inner.o)
    0x08000cc4   0x08000cc4   0x0000000c   Code   RO         7232    .text               c_w.l(sys_exit.o)
    0x08000cd0   0x08000cd0   0x0000000e   Code   RO         7243    .text               c_w.l(h1_init.o)
    0x08000cde   0x08000cde   0x00000034   Code   RO         7245    .text               c_w.l(h1_extend.o)
    0x08000d12   0x08000d12   0x00000042   Code   RO         7251    .text               c_w.l(ftell.o)
    0x08000d54   0x08000d54   0x00000032   Code   RO         7255    .text               c_w.l(defsig_general.o)
    0x08000d86   0x08000d86   0x0000000e   Code   RO         7257    .text               c_w.l(defsig_rtmem_outer.o)
    0x08000d94   0x08000d94   0x0000000e   Code   RO         7270    .text               c_w.l(sys_wrch.o)
    0x08000da2   0x08000da2   0x00000002   Code   RO         7274    .text               c_w.l(use_no_semi.o)
    0x08000da4   0x08000da4   0x00000000   Code   RO         7276    .text               c_w.l(indicate_semi.o)
    0x08000da4   0x08000da4   0x00000008   Code   RO         7280    .text               c_w.l(rt_errno_addr_intlibspace.o)
    0x08000dac   0x08000dac   0x00000050   Code   RO         7286    .text               c_w.l(defsig_rtmem_inner.o)
    0x08000dfc   0x08000dfc   0x00000004   Code   RO            4    i.BusFault_Handler  stm32f4xx_it.o
    0x08000e00   0x08000e00   0x00000002   Code   RO            5    i.DebugMon_Handler  stm32f4xx_it.o
    0x08000e02   0x08000e02   0x00000090   Code   RO         2181    i.GPIO_Init         stm32f4xx_gpio.o
    0x08000e92   0x08000e92   0x00000046   Code   RO         2182    i.GPIO_PinAFConfig  stm32f4xx_gpio.o
    0x08000ed8   0x08000ed8   0x00000012   Code   RO         2185    i.GPIO_ReadInputDataBit  stm32f4xx_gpio.o
    0x08000eea   0x08000eea   0x00000004   Code   RO         2188    i.GPIO_ResetBits    stm32f4xx_gpio.o
    0x08000eee   0x08000eee   0x00000004   Code   RO         2189    i.GPIO_SetBits      stm32f4xx_gpio.o
    0x08000ef2   0x08000ef2   0x00000008   Code   RO         2191    i.GPIO_ToggleBits   stm32f4xx_gpio.o
    0x08000efa   0x08000efa   0x00000004   Code   RO            6    i.HardFault_Handler  stm32f4xx_it.o
    0x08000efe   0x08000efe   0x00000002   PAD
    0x08000f00   0x08000f00   0x000000c4   Code   RO         6805    i.KeyTask           main.o
    0x08000fc4   0x08000fc4   0x00000068   Code   RO         6806    i.LedTask           main.o
    0x0800102c   0x0800102c   0x00000004   Code   RO            7    i.MemManage_Handler  stm32f4xx_it.o
    0x08001030   0x08001030   0x00000002   Code   RO            8    i.NMI_Handler       stm32f4xx_it.o
    0x08001032   0x08001032   0x00000002   PAD
    0x08001034   0x08001034   0x00000078   Code   RO          306    i.NVIC_Init         misc.o
    0x080010ac   0x080010ac   0x00000014   Code   RO          307    i.NVIC_PriorityGroupConfig  misc.o
    0x080010c0   0x080010c0   0x00000020   Code   RO         3107    i.RCC_AHB1PeriphClockCmd  stm32f4xx_rcc.o
    0x080010e0   0x080010e0   0x00000020   Code   RO         3118    i.RCC_APB1PeriphResetCmd  stm32f4xx_rcc.o
    0x08001100   0x08001100   0x00000020   Code   RO         3119    i.RCC_APB2PeriphClockCmd  stm32f4xx_rcc.o
    0x08001120   0x08001120   0x00000020   Code   RO         3121    i.RCC_APB2PeriphResetCmd  stm32f4xx_rcc.o
    0x08001140   0x08001140   0x000000e8   Code   RO         3128    i.RCC_GetClocksFreq  stm32f4xx_rcc.o
    0x08001228   0x08001228   0x000000ec   Code   RO          195    i.SetSysClock       system_stm32f4xx.o
    0x08001314   0x08001314   0x00000068   Code   RO         6807    i.StartTask         main.o
    0x0800137c   0x0800137c   0x00000028   Code   RO          310    i.SysTick_CLKSourceConfig  misc.o
    0x080013a4   0x080013a4   0x00000034   Code   RO         6461    i.SysTick_Handler   port.o
    0x080013d8   0x080013d8   0x00000068   Code   RO          197    i.SystemInit        system_stm32f4xx.o
    0x08001440   0x08001440   0x000000d0   Code   RO         6721    i.UART1_Init        uart1.o
    0x08001510   0x08001510   0x00000018   Code   RO         5057    i.USART_Cmd         stm32f4xx_usart.o
    0x08001528   0x08001528   0x000000f0   Code   RO         5059    i.USART_DeInit      stm32f4xx_usart.o
    0x08001618   0x08001618   0x0000004a   Code   RO         5063    i.USART_ITConfig    stm32f4xx_usart.o
    0x08001662   0x08001662   0x00000002   PAD
    0x08001664   0x08001664   0x000000d4   Code   RO         5064    i.USART_Init        stm32f4xx_usart.o
    0x08001738   0x08001738   0x00000008   Code   RO         5074    i.USART_SendData    stm32f4xx_usart.o
    0x08001740   0x08001740   0x00000004   Code   RO            9    i.UsageFault_Handler  stm32f4xx_it.o
    0x08001744   0x08001744   0x00000026   Code   RO         6856    i._sys_close        retarget_io.o
    0x0800176a   0x0800176a   0x00000024   Code   RO         6857    i._sys_flen         retarget_io.o
    0x0800178e   0x0800178e   0x00000024   Code   RO         6858    i._sys_istty        retarget_io.o
    0x080017b2   0x080017b2   0x00000002   PAD
    0x080017b4   0x080017b4   0x00000068   Code   RO         6859    i._sys_open         retarget_io.o
    0x0800181c   0x0800181c   0x0000002c   Code   RO         6861    i._sys_seek         retarget_io.o
    0x08001848   0x08001848   0x00000058   Code   RO         6862    i._sys_write        retarget_io.o
    0x080018a0   0x080018a0   0x0000003c   Code   RO         6601    i.delay_init        delay.o
    0x080018dc   0x080018dc   0x00000024   Code   RO         6722    i.fputc             uart1.o
    0x08001900   0x08001900   0x0000003c   Code   RO         6770    i.key_Init          key.o
    0x0800193c   0x0800193c   0x00000038   Code   RO         6642    i.led_Init          led.o
    0x08001974   0x08001974   0x00000014   Code   RO         6643    i.led_blue_off      led.o
    0x08001988   0x08001988   0x00000014   Code   RO         6644    i.led_blue_on       led.o
    0x0800199c   0x0800199c   0x00000014   Code   RO         6651    i.led_red_toggle    led.o
    0x080019b0   0x080019b0   0x0000004c   Code   RO         6808    i.main              main.o
    0x080019fc   0x080019fc   0x000000c0   Code   RO         5734    i.prvAddCurrentTaskToDelayedList  tasks.o
    0x08001abc   0x08001abc   0x000000ec   Code   RO         5735    i.prvAddNewTaskToReadyList  tasks.o
    0x08001ba8   0x08001ba8   0x00000064   Code   RO         6130    i.prvCheckForValidListAndQueue  timers.o
    0x08001c0c   0x08001c0c   0x00000048   Code   RO         5736    i.prvCheckTasksWaitingTermination  tasks.o
    0x08001c54   0x08001c54   0x0000002a   Code   RO         5481    i.prvCopyDataFromQueue  queue.o
    0x08001c7e   0x08001c7e   0x0000007e   Code   RO         5482    i.prvCopyDataToQueue  queue.o
    0x08001cfc   0x08001cfc   0x00000012   Code   RO         5737    i.prvDeleteTCB      tasks.o
    0x08001d0e   0x08001d0e   0x00000002   PAD
    0x08001d10   0x08001d10   0x00000028   Code   RO         6131    i.prvGetNextExpireTime  timers.o
    0x08001d38   0x08001d38   0x00000070   Code   RO         6537    i.prvHeapInit       heap_4.o
    0x08001da8   0x08001da8   0x00000028   Code   RO         5738    i.prvIdleTask       tasks.o
    0x08001dd0   0x08001dd0   0x0000002e   Code   RO         5485    i.prvInitialiseNewQueue  queue.o
    0x08001dfe   0x08001dfe   0x000000cc   Code   RO         5739    i.prvInitialiseNewTask  tasks.o
    0x08001eca   0x08001eca   0x00000002   PAD
    0x08001ecc   0x08001ecc   0x00000068   Code   RO         5740    i.prvInitialiseTaskLists  tasks.o
    0x08001f34   0x08001f34   0x00000068   Code   RO         6538    i.prvInsertBlockIntoFreeList  heap_4.o
    0x08001f9c   0x08001f9c   0x00000058   Code   RO         6133    i.prvInsertTimerInActiveList  timers.o
    0x08001ff4   0x08001ff4   0x0000001a   Code   RO         5486    i.prvIsQueueEmpty   queue.o
    0x0800200e   0x0800200e   0x000000b8   Code   RO         5488    i.prvNotifyQueueSetContainer  queue.o
    0x080020c6   0x080020c6   0x00000002   PAD
    0x080020c8   0x080020c8   0x00000044   Code   RO         6134    i.prvProcessExpiredTimer  timers.o
    0x0800210c   0x0800210c   0x0000011c   Code   RO         6135    i.prvProcessReceivedCommands  timers.o
    0x08002228   0x08002228   0x00000074   Code   RO         6136    i.prvProcessTimerOrBlockTask  timers.o
    0x0800229c   0x0800229c   0x00000028   Code   RO         6137    i.prvReloadTimer    timers.o
    0x080022c4   0x080022c4   0x00000030   Code   RO         5742    i.prvResetNextTaskUnblockTime  tasks.o
    0x080022f4   0x080022f4   0x0000002c   Code   RO         6138    i.prvSampleTimeNow  timers.o
    0x08002320   0x08002320   0x00000044   Code   RO         6139    i.prvSwitchTimerLists  timers.o
    0x08002364   0x08002364   0x00000040   Code   RO         6462    i.prvTaskExitError  port.o
    0x080023a4   0x080023a4   0x00000058   Code   RO         5745    i.prvTaskIsTaskSuspended  tasks.o
    0x080023fc   0x080023fc   0x0000001a   Code   RO         6140    i.prvTimerTask      timers.o
    0x08002416   0x08002416   0x00000090   Code   RO         5489    i.prvUnlockQueue    queue.o
    0x080024a6   0x080024a6   0x00000002   PAD
    0x080024a8   0x080024a8   0x0000012c   Code   RO         6540    i.pvPortMalloc      heap_4.o
    0x080025d4   0x080025d4   0x0000002c   Code   RO         6463    i.pxPortInitialiseStack  port.o
    0x08002600   0x08002600   0x00000004   Code   RO         6863    i.stderr_putchar    retarget_io.o
    0x08002604   0x08002604   0x00000004   Code   RO         6865    i.stdout_putchar    retarget_io.o
    0x08002608   0x08002608   0x00000028   Code   RO         5441    i.uxListRemove      list.o
    0x08002630   0x08002630   0x0000000c   Code   RO         5750    i.uxTaskGetNumberOfTasks  tasks.o
    0x0800263c   0x0800263c   0x0000001a   Code   RO         5442    i.vListInitialise   list.o
    0x08002656   0x08002656   0x00000006   Code   RO         5443    i.vListInitialiseItem  list.o
    0x0800265c   0x0800265c   0x00000034   Code   RO         5444    i.vListInsert       list.o
    0x08002690   0x08002690   0x00000018   Code   RO         5445    i.vListInsertEnd    list.o
    0x080026a8   0x080026a8   0x00000054   Code   RO         6465    i.vPortEnterCritical  port.o
    0x080026fc   0x080026fc   0x0000003c   Code   RO         6466    i.vPortExitCritical  port.o
    0x08002738   0x08002738   0x0000008c   Code   RO         6541    i.vPortFree         heap_4.o
    0x080027c4   0x080027c4   0x00000028   Code   RO         6467    i.vPortSetupTimerInterrupt  port.o
    0x080027ec   0x080027ec   0x00000060   Code   RO         5495    i.vQueueAddToRegistry  queue.o
    0x0800284c   0x0800284c   0x0000004a   Code   RO         5499    i.vQueueWaitForMessageRestricted  queue.o
    0x08002896   0x08002896   0x00000002   PAD
    0x08002898   0x08002898   0x0000005c   Code   RO         5757    i.vTaskDelay        tasks.o
    0x080028f4   0x080028f4   0x000000fc   Code   RO         5758    i.vTaskDelete       tasks.o
    0x080029f0   0x080029f0   0x00000018   Code   RO         5762    i.vTaskInternalSetTimeOutState  tasks.o
    0x08002a08   0x08002a08   0x0000000c   Code   RO         5764    i.vTaskMissedYield  tasks.o
    0x08002a14   0x08002a14   0x00000038   Code   RO         5765    i.vTaskPlaceOnEventList  tasks.o
    0x08002a4c   0x08002a4c   0x00000064   Code   RO         5766    i.vTaskPlaceOnEventListRestricted  tasks.o
    0x08002ab0   0x08002ab0   0x000000c4   Code   RO         5771    i.vTaskResume       tasks.o
    0x08002b74   0x08002b74   0x0000009c   Code   RO         5774    i.vTaskStartScheduler  tasks.o
    0x08002c10   0x08002c10   0x00000100   Code   RO         5775    i.vTaskSuspend      tasks.o
    0x08002d10   0x08002d10   0x00000010   Code   RO         5776    i.vTaskSuspendAll   tasks.o
    0x08002d20   0x08002d20   0x0000008c   Code   RO         5777    i.vTaskSwitchContext  tasks.o
    0x08002dac   0x08002dac   0x00000168   Code   RO         6469    i.xPortStartScheduler  port.o
    0x08002f14   0x08002f14   0x00000066   Code   RO         5504    i.xQueueGenericCreate  queue.o
    0x08002f7a   0x08002f7a   0x00000002   PAD
    0x08002f7c   0x08002f7c   0x000000dc   Code   RO         5505    i.xQueueGenericReset  queue.o
    0x08003058   0x08003058   0x00000168   Code   RO         5514    i.xQueueReceive     queue.o
    0x080031c0   0x080031c0   0x00000090   Code   RO         5779    i.xTaskCheckForTimeOut  tasks.o
    0x08003250   0x08003250   0x00000068   Code   RO         5780    i.xTaskCreate       tasks.o
    0x080032b8   0x080032b8   0x00000020   Code   RO         5788    i.xTaskGetSchedulerState  tasks.o
    0x080032d8   0x080032d8   0x0000000c   Code   RO         5789    i.xTaskGetTickCount  tasks.o
    0x080032e4   0x080032e4   0x000001bc   Code   RO         5791    i.xTaskIncrementTick  tasks.o
    0x080034a0   0x080034a0   0x000000f0   Code   RO         5792    i.xTaskPriorityDisinherit  tasks.o
    0x08003590   0x08003590   0x00000120   Code   RO         5794    i.xTaskRemoveFromEventList  tasks.o
    0x080036b0   0x080036b0   0x00000178   Code   RO         5795    i.xTaskResumeAll    tasks.o
    0x08003828   0x08003828   0x00000054   Code   RO         6148    i.xTimerCreateTimerTask  timers.o
    0x0800387c   0x0800387c   0x0000000a   Code   RO         7230    x$fpl$fpinit        fz_wm.l(fpinit.o)
    0x08003886   0x08003886   0x00000017   Data   RO         6866    .constdata          retarget_io.o
    0x0800389d   0x0800389d   0x00000003   PAD
    0x080038a0   0x080038a0   0x00000020   Data   RO         7311    Region$$Table       anon$$obj.o


    Execution Region RW_IRAM1 (Exec base: 0x20000000, Load base: 0x080038c0, Size: 0x00006b68, Max: 0x00020000, ABSOLUTE)

    Exec Addr    Load Addr    Size         Type   Attr      Idx    E Section Name        Object

    0x20000000   0x080038c0   0x00000014   Data   RW          198    .data               system_stm32f4xx.o
    0x20000014   0x080038d4   0x00000010   Data   RW         3160    .data               stm32f4xx_rcc.o
    0x20000024   0x080038e4   0x00000040   Data   RW         5798    .data               tasks.o
    0x20000064   0x08003924   0x00000014   Data   RW         6156    .data               timers.o
    0x20000078   0x08003938   0x0000000c   Data   RW         6470    .data               port.o
    0x20000084   0x08003944   0x0000001c   Data   RW         6547    .data               heap_4.o
    0x200000a0   0x08003960   0x00000004   Data   RW         6604    .data               delay.o
    0x200000a4   0x08003964   0x0000000d   Data   RW         6809    .data               main.o
    0x200000b1   0x08003971   0x00000003   PAD
    0x200000b4   0x08003974   0x00000004   Data   RW         7012    .data               c_w.l(stdio_streams.o)
    0x200000b8   0x08003978   0x00000004   Data   RW         7013    .data               c_w.l(stdio_streams.o)
    0x200000bc   0x0800397c   0x00000004   Data   RW         7014    .data               c_w.l(stdio_streams.o)
    0x200000c0        -       0x00000040   Zero   RW         5521    .bss                queue.o
    0x20000100        -       0x000002e4   Zero   RW         5797    .bss                tasks.o
    0x200003e4        -       0x00000028   Zero   RW         6155    .bss                timers.o
    0x2000040c        -       0x00006000   Zero   RW         6546    .bss                heap_4.o
    0x2000640c        -       0x00000054   Zero   RW         7009    .bss                c_w.l(stdio_streams.o)
    0x20006460        -       0x00000054   Zero   RW         7010    .bss                c_w.l(stdio_streams.o)
    0x200064b4        -       0x00000054   Zero   RW         7011    .bss                c_w.l(stdio_streams.o)
    0x20006508        -       0x00000060   Zero   RW         7187    .bss                c_w.l(libspace.o)
    0x20006568        -       0x00000200   Zero   RW         5309    HEAP                startup_stm32f40_41xxx.o
    0x20006768        -       0x00000400   Zero   RW         5308    STACK               startup_stm32f40_41xxx.o


==============================================================================

Image component sizes


      Code (inc. data)   RO Data    RW Data    ZI Data      Debug   Object Name

         0          0          0          0          0       9556   croutine.o
        60          8          0          4          0        721   delay.o
         0          0          0          0          0      13560   event_groups.o
       656         58          0         28      24576       5359   heap_4.o
        60          6          0          0          0        563   key.o
       116         24          0          0          0       1921   led.o
       148          0          0          0          0       3310   list.o
       480        182          0         13          0       2418   main.o
       180         24          0          0          0       2033   misc.o
       894         78          0         12          0      10488   port.o
      1420         16          0          0         64      14151   queue.o
       354         24         23          0          0       6634   retarget_io.o
        64         26        392          0       1536        840   startup_stm32f40_41xxx.o
       248          0          0          0          0       4013   stm32f4xx_gpio.o
        20          0          0          0          0     281773   stm32f4xx_it.o
       360         42          0         16          0       5184   stm32f4xx_rcc.o
       558         42          0          0          0       4086   stm32f4xx_usart.o
       340         32          0         20          0     253749   system_stm32f4xx.o
      3954        462          0         64        740      31808   tasks.o
       958        108          0         20         40      25468   timers.o
       244         18          0          0          0       3113   uart1.o

    ----------------------------------------------------------------------
     11136       1150        450        180      26956     680748   Object Totals
         0          0         32          0          0          0   (incl. Generated)
        22          0          3          3          0          0   (incl. Padding)

    ----------------------------------------------------------------------

      Code (inc. data)   RO Data    RW Data    ZI Data      Debug   Library Member Name

         8          0          0          0          0         68   __main.o
       104          0          0          0          0         84   __printf.o
         0          0          0          0          0          0   __rtentry.o
        12          0          0          0          0          0   __rtentry2.o
         6          0          0          0          0          0   __rtentry4.o
        52          8          0          0          0          0   __scatter.o
        26          0          0          0          0          0   __scatter_copy.o
        28          0          0          0          0          0   __scatter_zi.o
        48          6          0          0          0         96   _printf_char_common.o
        36          4          0          0          0         80   _printf_char_file.o
         0          0          0          0          0          0   _printf_percent.o
         4          0          0          0          0          0   _printf_percent_end.o
        16          0          0          0          0         68   aeabi_memset.o
        10          0          0          0          0         68   defsig_exit.o
        50          0          0          0          0         88   defsig_general.o
        80         58          0          0          0         76   defsig_rtmem_inner.o
        14          0          0          0          0         80   defsig_rtmem_outer.o
        52         38          0          0          0         76   defsig_rtred_inner.o
        14          0          0          0          0         80   defsig_rtred_outer.o
        18          0          0          0          0         80   exit.o
        76          0          0          0          0         88   fclose.o
         8          0          0          0          0         68   ferror.o
       236          4          0          0          0        128   fopen.o
       248          6          0          0          0         84   fseek.o
        66          0          0          0          0         76   ftell.o
        94          0          0          0          0         80   h1_alloc.o
        52          0          0          0          0         68   h1_extend.o
        78          0          0          0          0         80   h1_free.o
        14          0          0          0          0         84   h1_init.o
         6          0          0          0          0        152   heapauxi.o
         4          0          0          0          0        136   hguard.o
         0          0          0          0          0          0   indicate_semi.o
       138          0          0          0          0        168   init_alloc.o
       312         46          0          0          0        112   initio.o
         2          0          0          0          0          0   libinit.o
        18          0          0          0          0          0   libinit2.o
         2          0          0          0          0          0   libshutdown.o
         6          0          0          0          0          0   libshutdown2.o
         8          4          0          0         96         68   libspace.o
         0          0          0          0          0          0   maybetermalloc1.o
        24          4          0          0          0         84   noretval__2printf.o
         8          4          0          0          0         68   rt_errno_addr_intlibspace.o
         8          4          0          0          0         68   rt_heap_descriptor_intlibspace.o
        68          0          0          0          0         68   rt_memclr.o
        78          0          0          0          0         80   rt_memclr_w.o
       138          0          0          0          0         68   rt_memcpy_v6.o
       100          0          0          0          0         80   rt_memcpy_w.o
         2          0          0          0          0          0   rtexit.o
        10          0          0          0          0          0   rtexit2.o
        70          0          0          0          0         80   setvbuf.o
       240          6          0          0          0        156   stdio.o
         0          0          0         12        252          0   stdio_streams.o
       128          0          0          0          0         68   strcmpv7m.o
        12          4          0          0          0         68   sys_exit.o
        74          0          0          0          0         80   sys_stackheap_outer.o
        14          0          0          0          0         76   sys_wrch.o
         2          0          0          0          0         68   use_no_semi.o
        10          0          0          0          0        116   fpinit.o

    ----------------------------------------------------------------------
      2942        196          0         12        348       3564   Library Totals
        10          0          0          0          0          0   (incl. Padding)

    ----------------------------------------------------------------------

      Code (inc. data)   RO Data    RW Data    ZI Data      Debug   Library Name

      2922        196          0         12        348       3448   c_w.l
        10          0          0          0          0        116   fz_wm.l

    ----------------------------------------------------------------------
      2942        196          0         12        348       3564   Library Totals

    ----------------------------------------------------------------------

==============================================================================


      Code (inc. data)   RO Data    RW Data    ZI Data      Debug   

     14078       1346        450        192      27304     671488   Grand Totals
     14078       1346        450        192      27304     671488   ELF Image Totals
     14078       1346        450        192          0          0   ROM Totals

==============================================================================

    Total RO  Size (Code + RO Data)                14528 (  14.19kB)
    Total RW  Size (RW Data + ZI Data)             27496 (  26.85kB)
    Total ROM Size (Code + RO Data + RW Data)      14720 (  14.38kB)

==============================================================================

